Archive member included to satisfy reference by file (symbol)

c:/program files (x86)/gnu tools arm embedded/6 2017-q2-update/bin/../lib/gcc/arm-none-eabi/6.3.1/../../../../arm-none-eabi/lib/thumb/v7e-m/fpv4-sp/hard\libm.a(lib_a-sf_cos.o)
                              build/obj/digital_filter.o (cosf)
c:/program files (x86)/gnu tools arm embedded/6 2017-q2-update/bin/../lib/gcc/arm-none-eabi/6.3.1/../../../../arm-none-eabi/lib/thumb/v7e-m/fpv4-sp/hard\libm.a(lib_a-sf_floor.o)
                              build/obj/mcpwm_foc.o (floorf)
c:/program files (x86)/gnu tools arm embedded/6 2017-q2-update/bin/../lib/gcc/arm-none-eabi/6.3.1/../../../../arm-none-eabi/lib/thumb/v7e-m/fpv4-sp/hard\libm.a(lib_a-sf_frexp.o)
                              build/obj/buffer.o (frexpf)
c:/program files (x86)/gnu tools arm embedded/6 2017-q2-update/bin/../lib/gcc/arm-none-eabi/6.3.1/../../../../arm-none-eabi/lib/thumb/v7e-m/fpv4-sp/hard\libm.a(lib_a-sf_ldexp.o)
                              build/obj/buffer.o (ldexpf)
c:/program files (x86)/gnu tools arm embedded/6 2017-q2-update/bin/../lib/gcc/arm-none-eabi/6.3.1/../../../../arm-none-eabi/lib/thumb/v7e-m/fpv4-sp/hard\libm.a(lib_a-sf_round.o)
                              build/obj/ledpwm.o (roundf)
c:/program files (x86)/gnu tools arm embedded/6 2017-q2-update/bin/../lib/gcc/arm-none-eabi/6.3.1/../../../../arm-none-eabi/lib/thumb/v7e-m/fpv4-sp/hard\libm.a(lib_a-sf_scalbn.o)
                              c:/program files (x86)/gnu tools arm embedded/6 2017-q2-update/bin/../lib/gcc/arm-none-eabi/6.3.1/../../../../arm-none-eabi/lib/thumb/v7e-m/fpv4-sp/hard\libm.a(lib_a-sf_ldexp.o) (scalbnf)
c:/program files (x86)/gnu tools arm embedded/6 2017-q2-update/bin/../lib/gcc/arm-none-eabi/6.3.1/../../../../arm-none-eabi/lib/thumb/v7e-m/fpv4-sp/hard\libm.a(lib_a-sf_sin.o)
                              build/obj/digital_filter.o (sinf)
c:/program files (x86)/gnu tools arm embedded/6 2017-q2-update/bin/../lib/gcc/arm-none-eabi/6.3.1/../../../../arm-none-eabi/lib/thumb/v7e-m/fpv4-sp/hard\libm.a(lib_a-w_sqrt.o)
                              build/obj/digital_filter.o (sqrt)
c:/program files (x86)/gnu tools arm embedded/6 2017-q2-update/bin/../lib/gcc/arm-none-eabi/6.3.1/../../../../arm-none-eabi/lib/thumb/v7e-m/fpv4-sp/hard\libm.a(lib_a-wf_asin.o)
                              build/obj/mcpwm.o (asinf)
c:/program files (x86)/gnu tools arm embedded/6 2017-q2-update/bin/../lib/gcc/arm-none-eabi/6.3.1/../../../../arm-none-eabi/lib/thumb/v7e-m/fpv4-sp/hard\libm.a(lib_a-wf_atan2.o)
                              build/obj/mcpwm_foc.o (atan2f)
c:/program files (x86)/gnu tools arm embedded/6 2017-q2-update/bin/../lib/gcc/arm-none-eabi/6.3.1/../../../../arm-none-eabi/lib/thumb/v7e-m/fpv4-sp/hard\libm.a(lib_a-wf_exp.o)
                              build/obj/utils.o (expf)
c:/program files (x86)/gnu tools arm embedded/6 2017-q2-update/bin/../lib/gcc/arm-none-eabi/6.3.1/../../../../arm-none-eabi/lib/thumb/v7e-m/fpv4-sp/hard\libm.a(lib_a-wf_fmod.o)
                              build/obj/utils.o (fmodf)
c:/program files (x86)/gnu tools arm embedded/6 2017-q2-update/bin/../lib/gcc/arm-none-eabi/6.3.1/../../../../arm-none-eabi/lib/thumb/v7e-m/fpv4-sp/hard\libm.a(lib_a-wf_log.o)
                              build/obj/mc_interface.o (logf)
c:/program files (x86)/gnu tools arm embedded/6 2017-q2-update/bin/../lib/gcc/arm-none-eabi/6.3.1/../../../../arm-none-eabi/lib/thumb/v7e-m/fpv4-sp/hard\libm.a(lib_a-wf_pow.o)
                              build/obj/ledpwm.o (powf)
c:/program files (x86)/gnu tools arm embedded/6 2017-q2-update/bin/../lib/gcc/arm-none-eabi/6.3.1/../../../../arm-none-eabi/lib/thumb/v7e-m/fpv4-sp/hard\libm.a(lib_a-wf_sincos.o)
                              build/obj/mcpwm_foc.o (sincosf)
c:/program files (x86)/gnu tools arm embedded/6 2017-q2-update/bin/../lib/gcc/arm-none-eabi/6.3.1/../../../../arm-none-eabi/lib/thumb/v7e-m/fpv4-sp/hard\libm.a(lib_a-wf_sqrt.o)
                              build/obj/mcpwm.o (sqrtf)
c:/program files (x86)/gnu tools arm embedded/6 2017-q2-update/bin/../lib/gcc/arm-none-eabi/6.3.1/../../../../arm-none-eabi/lib/thumb/v7e-m/fpv4-sp/hard\libm.a(lib_a-e_sqrt.o)
                              c:/program files (x86)/gnu tools arm embedded/6 2017-q2-update/bin/../lib/gcc/arm-none-eabi/6.3.1/../../../../arm-none-eabi/lib/thumb/v7e-m/fpv4-sp/hard\libm.a(lib_a-w_sqrt.o) (__ieee754_sqrt)
c:/program files (x86)/gnu tools arm embedded/6 2017-q2-update/bin/../lib/gcc/arm-none-eabi/6.3.1/../../../../arm-none-eabi/lib/thumb/v7e-m/fpv4-sp/hard\libm.a(lib_a-ef_asin.o)
                              c:/program files (x86)/gnu tools arm embedded/6 2017-q2-update/bin/../lib/gcc/arm-none-eabi/6.3.1/../../../../arm-none-eabi/lib/thumb/v7e-m/fpv4-sp/hard\libm.a(lib_a-wf_asin.o) (__ieee754_asinf)
c:/program files (x86)/gnu tools arm embedded/6 2017-q2-update/bin/../lib/gcc/arm-none-eabi/6.3.1/../../../../arm-none-eabi/lib/thumb/v7e-m/fpv4-sp/hard\libm.a(lib_a-ef_atan2.o)
[...]
Memory Configuration

Name             Origin             Length             Attributes
flash            0x08000000         0x00004000
flash2           0x0800c000         0x00078000
ram0             0x20000000         0x00020000
ram1             0x20000000         0x0001c000
ram2             0x2001c000         0x00004000
ram3             0x00000000         0x00000000
ram4             0x10000000         0x00010000
ram5             0x40024000         0x00001000
ram6             0x00000000         0x00000000
ram7             0x00000000         0x00000000
*default*        0x00000000         0xffffffff

Linker script and memory map

LOAD build/obj/crt0_v7m.o
LOAD build/obj/chcoreasm_v7m.o
LOAD build/obj/crt1.o
LOAD build/obj/vectors.o
LOAD build/obj/chsys.o
LOAD build/obj/chdebug.o
LOAD build/obj/chvt.o
LOAD build/obj/chschd.o
LOAD build/obj/chthreads.o
LOAD build/obj/chtm.o
LOAD build/obj/chdynamic.o
LOAD build/obj/chregistry.o
LOAD build/obj/chsem.o
LOAD build/obj/chmtx.o
LOAD build/obj/chcond.o
LOAD build/obj/chevents.o
LOAD build/obj/chmsg.o
LOAD build/obj/chmboxes.o
LOAD build/obj/chqueues.o
LOAD build/obj/chmemcore.o
LOAD build/obj/chheap.o
LOAD build/obj/chmempools.o
LOAD build/obj/chcore.o
LOAD build/obj/chcore_v7m.o
LOAD build/obj/osal.o
LOAD build/obj/hal.o
LOAD build/obj/st.o
LOAD build/obj/hal_queues.o
LOAD build/obj/hal_mmcsd.o
LOAD build/obj/can.o
LOAD build/obj/i2c.o
LOAD build/obj/icu.o
LOAD build/obj/pal.o
LOAD build/obj/serial_usb.o
LOAD build/obj/spi.o
LOAD build/obj/uart.o
LOAD build/obj/usb.o
LOAD build/obj/nvic.o
LOAD build/obj/stm32_dma.o
LOAD build/obj/hal_lld.o
LOAD build/obj/st_lld.o
LOAD build/obj/can_lld.o
LOAD build/obj/pal_lld.o
LOAD build/obj/i2c_lld.o
LOAD build/obj/usb_lld.o
LOAD build/obj/spi_lld.o
LOAD build/obj/icu_lld.o
LOAD build/obj/uart_lld.o
LOAD build/obj/chprintf.o
LOAD build/obj/syscalls.o
LOAD build/obj/board.o
LOAD build/obj/main.o
LOAD build/obj/comm_usb_serial.o
LOAD build/obj/irq_handlers.o
LOAD build/obj/buffer.o
LOAD build/obj/comm_usb.o
LOAD build/obj/crc.o
LOAD build/obj/digital_filter.o
LOAD build/obj/ledpwm.o
LOAD build/obj/mcpwm.o
LOAD build/obj/servo_dec.o
LOAD build/obj/utils.o
LOAD build/obj/servo.o
LOAD build/obj/servo_simple.o
LOAD build/obj/packet.o
LOAD build/obj/terminal.o
LOAD build/obj/conf_general.o
LOAD build/obj/eeprom.o
LOAD build/obj/commands.o
LOAD build/obj/timeout.o
LOAD build/obj/comm_can.o
LOAD build/obj/ws2811.o
LOAD build/obj/led_external.o
LOAD build/obj/encoder.o
LOAD build/obj/flash_helper.o
LOAD build/obj/mc_interface.o
LOAD build/obj/mcpwm_foc.o
LOAD build/obj/hw_40.o
LOAD build/obj/hw_45.o
LOAD build/obj/hw_r2.o
LOAD build/obj/hw_46.o
LOAD build/obj/hw_48.o
LOAD build/obj/hw_49.o
LOAD build/obj/hw_410.o
LOAD build/obj/hw_60.o
LOAD build/obj/hw_victor_r1a.o
LOAD build/obj/hw_das_rs.o
LOAD build/obj/drv8301.o
LOAD build/obj/drv8305.o
LOAD build/obj/hw_palta.o
LOAD build/obj/hw_rh.o
LOAD build/obj/app.o
LOAD build/obj/app_ppm.o
LOAD build/obj/app_adc.o
LOAD build/obj/app_sten.o
LOAD build/obj/app_uartcomm.o
LOAD build/obj/app_nunchuk.o
LOAD build/obj/app_custom.o
LOAD build/obj/spi_sw.o
LOAD build/obj/rf.o
LOAD build/obj/rfhelp.o
LOAD build/obj/nrf_driver.o
LOAD build/obj/misc.o
LOAD build/obj/stm32f4xx_adc.o
LOAD build/obj/stm32f4xx_dma.o
LOAD build/obj/stm32f4xx_exti.o
LOAD build/obj/stm32f4xx_flash.o
LOAD build/obj/stm32f4xx_rcc.o
LOAD build/obj/stm32f4xx_syscfg.o
LOAD build/obj/stm32f4xx_tim.o
LOAD build/obj/stm32f4xx_wwdg.o
                0x20000000                __ram0_start__ = ORIGIN (ram0)
                0x00020000                __ram0_size__ = LENGTH (ram0)
                0x20020000                __ram0_end__ = (__ram0_start__ + __ram0_size__)
                0x20000000                __ram1_start__ = ORIGIN (ram1)
                0x0001c000                __ram1_size__ = LENGTH (ram1)
                0x2001c000                __ram1_end__ = (__ram1_start__ + __ram1_size__)
                0x2001c000                __ram2_start__ = ORIGIN (ram2)
                0x00004000                __ram2_size__ = LENGTH (ram2)
                0x20020000                __ram2_end__ = (__ram2_start__ + __ram2_size__)
                0x00000000                __ram3_start__ = ORIGIN (ram3)
                0x00000000                __ram3_size__ = LENGTH (ram3)
                0x00000000                __ram3_end__ = (__ram3_start__ + __ram3_size__)
                0x10000000                __ram4_start__ = ORIGIN (ram4)
                0x00010000                __ram4_size__ = LENGTH (ram4)
                0x10010000                __ram4_end__ = (__ram4_start__ + __ram4_size__)
                0x40024000                __ram5_start__ = ORIGIN (ram5)
                0x00001000                __ram5_size__ = LENGTH (ram5)
                0x40025000                __ram5_end__ = (__ram5_start__ + __ram5_size__)
                0x00000000                __ram6_start__ = ORIGIN (ram6)
                0x00000000                __ram6_size__ = LENGTH (ram6)
                0x00000000                __ram6_end__ = (__ram6_start__ + __ram6_size__)
                0x00000000                __ram7_start__ = ORIGIN (ram7)
                0x00000000                __ram7_size__ = LENGTH (ram7)
                0x00000000                __ram7_end__ = (__ram7_start__ + __ram7_size__)
                0x00000000                . = 0x0
                0x00000000                _text = .

startup         0x08000000      0x1c0
 *(.vectors)
 .vectors       0x08000000      0x1c0 build/obj/vectors.o
                0x08000000                _vectors

constructors    0x0800c000        0x0
                0x0800c000                PROVIDE (__init_array_start, .)
 *(SORT(.init_array.*))
 *(.init_array)
                0x0800c000                PROVIDE (__init_array_end, .)

destructors     0x0800c000        0x0
                0x0800c000                PROVIDE (__fini_array_start, .)
 *(.fini_array)
 *(SORT(.fini_array.*))
                0x0800c000                PROVIDE (__fini_array_end, .)

.text           0x0800c000    0x2488c
 *(.text)
 .text          0x0800c000      0x104 build/obj/crt0_v7m.o
                0x0800c000                Reset_Handler
 *fill*         0x0800c104        0xc 
 .text          0x0800c110       0x30 build/obj/chcoreasm_v7m.o
                0x0800c110                _port_switch
                0x0800c128                _port_thread_start
                0x0800c138                _port_switch_from_isr
                0x0800c13c                _port_exit_from_isr
 .text          0x0800c140      0x370 c:/program files (x86)/gnu tools arm embedded/6 2017-q2-update/bin/../lib/gcc/arm-none-eabi/6.3.1/thumb/v7e-m/fpv4-sp/hard\libgcc.a(_arm_addsubdf3.o)
                0x0800c140                __aeabi_drsub
                0x0800c148                __aeabi_dsub
                0x0800c148                __subdf3
                0x0800c14c                __aeabi_dadd
                0x0800c14c                __adddf3
                0x0800c3c4                __floatunsidf
                0x0800c3c4                __aeabi_ui2d
                0x0800c3e4                __floatsidf
                0x0800c3e4                __aeabi_i2d
                0x0800c408                __aeabi_f2d
                0x0800c408                __extendsfdf2
                0x0800c444                __floatundidf
                0x0800c444                __aeabi_ul2d
                0x0800c454                __floatdidf
                0x0800c454                __aeabi_l2d
 .text          0x0800c4b0      0x424 c:/program files (x86)/gnu tools arm embedded/6 2017-q2-update/bin/../lib/gcc/arm-none-eabi/6.3.1/thumb/v7e-m/fpv4-sp/hard\libgcc.a(_arm_muldivdf3.o)
                0x0800c4b0                __aeabi_dmul
                0x0800c4b0                __muldf3
                0x0800c704                __divdf3
                0x0800c704                __aeabi_ddiv
 *fill*         0x0800c8d4        0xc 
 .text          0x0800c8e0      0x110 c:/program files (x86)/gnu tools arm embedded/6 2017-q2-update/bin/../lib/gcc/arm-none-eabi/6.3.1/thumb/v7e-m/fpv4-sp/hard\libgcc.a(_arm_cmpdf2.o)
                0x0800c8e0                __gtdf2
                0x0800c8e0                __gedf2
                0x0800c8e8                __ltdf2
                0x0800c8e8                __ledf2
                0x0800c8f0                __nedf2
                0x0800c8f0                __eqdf2
                0x0800c8f0                __cmpdf2
                0x0800c96c                __aeabi_cdrcmple
                0x0800c97c                __aeabi_cdcmpeq
                0x0800c97c                __aeabi_cdcmple
                0x0800c98c                __aeabi_dcmpeq
                0x0800c9a0                __aeabi_dcmplt
                0x0800c9b4                __aeabi_dcmple
                0x0800c9c8                __aeabi_dcmpge
                0x0800c9dc                __aeabi_dcmpgt
 .text          0x0800c9f0       0x2c c:/program files (x86)/gnu tools arm embedded/6 2017-q2-update/bin/../lib/gcc/arm-none-eabi/6.3.1/thumb/v7e-m/fpv4-sp/hard\libgcc.a(_arm_unorddf2.o)
                0x0800c9f0                __unorddf2
                0x0800c9f0                __aeabi_dcmpun
 *fill*         0x0800ca1c        0x4 
 .text          0x0800ca20       0x50 c:/program files (x86)/gnu tools arm embedded/6 2017-q2-update/bin/../lib/gcc/arm-none-eabi/6.3.1/thumb/v7e-m/fpv4-sp/hard\libgcc.a(_arm_fixdfsi.o)
                0x0800ca20                __aeabi_d2iz
                0x0800ca20                __fixdfsi
 .text          0x0800ca70       0xa0 c:/program files (x86)/gnu tools arm embedded/6 2017-q2-update/bin/../lib/gcc/arm-none-eabi/6.3.1/thumb/v7e-m/fpv4-sp/hard\libgcc.a(_arm_truncdfsf2.o)
                0x0800ca70                __truncdfsf2
                0x0800ca70                __aeabi_d2f
 .text          0x0800cb10      0x134 c:/program files (x86)/gnu tools arm embedded/6 2017-q2-update/bin/../lib/gcc/arm-none-eabi/6.3.1/../../../../arm-none-eabi/lib/thumb/v7e-m/fpv4-sp/hard\libg.a(lib_a-memcpy.o)
                0x0800cb10                memcpy
 *fill*         0x0800cc44        0xc 
 .text          0x0800cc50      0x2dc c:/program files (x86)/gnu tools arm embedded/6 2017-q2-update/bin/../lib/gcc/arm-none-eabi/6.3.1/../../../../arm-none-eabi/lib/thumb/v7e-m/fpv4-sp/hard\libg.a(lib_a-strcmp.o)
                0x0800cc58                strcmp
 *fill*         0x0800cf2c        0x4 
 .text          0x0800cf30       0xdc c:/program files (x86)/gnu tools arm embedded/6 2017-q2-update/bin/../lib/gcc/arm-none-eabi/6.3.1/../../../../arm-none-eabi/lib/thumb/v7e-m/fpv4-sp/hard\libg.a(lib_a-strlen.o)
                0x0800cf30                strlen
 *fill*         0x0800d00c        0x4 
 .text          0x0800d010       0xa0 c:/program files (x86)/gnu tools arm embedded/6 2017-q2-update/bin/../lib/gcc/arm-none-eabi/6.3.1/../../../../arm-none-eabi/lib/thumb/v7e-m/fpv4-sp/hard\libg.a(lib_a-memchr.o)
                0x0800d010                memchr
 .text          0x0800d0b0       0x40 c:/program files (x86)/gnu tools arm embedded/6 2017-q2-update/bin/../lib/gcc/arm-none-eabi/6.3.1/thumb/v7e-m/fpv4-sp/hard\libgcc.a(_arm_fixunsdfsi.o)
                0x0800d0b0                __aeabi_d2uiz
                0x0800d0b0                __fixunsdfsi
 .text          0x0800d0f0       0x30 c:/program files (x86)/gnu tools arm embedded/6 2017-q2-update/bin/../lib/gcc/arm-none-eabi/6.3.1/thumb/v7e-m/fpv4-sp/hard\libgcc.a(_aeabi_uldivmod.o)
                0x0800d0f0                __aeabi_uldivmod
 .text          0x0800d120      0x2dc c:/program files (x86)/gnu tools arm embedded/6 2017-q2-update/bin/../lib/gcc/arm-none-eabi/6.3.1/thumb/v7e-m/fpv4-sp/hard\libgcc.a(_udivmoddi4.o)
                0x0800d120                __udivmoddi4
 *fill*         0x0800d3fc        0x4 
 .text          0x0800d400        0x4 c:/program files (x86)/gnu tools arm embedded/6 2017-q2-update/bin/../lib/gcc/arm-none-eabi/6.3.1/thumb/v7e-m/fpv4-sp/hard\libgcc.a(_dvmd_tls.o)
                0x0800d400                __aeabi_idiv0
                0x0800d400                __aeabi_ldiv0
 *(.text.*)
 *fill*         0x0800d404        0xc 
 .text.__core_init
                0x0800d410        0x4 build/obj/crt1.o
                0x0800d410                __core_init
 *fill*         0x0800d414        0xc 
 .text.__late_init
                0x0800d420        0x4 build/obj/crt1.o
                0x0800d420                __late_init
 *fill*         0x0800d424        0xc 
 .text.__default_exit
                0x0800d430        0x4 build/obj/crt1.o
                0x0800d430                __default_exit
 *fill*         0x0800d434        0xc 
 .text._unhandled_exception
                0x0800d440        0x4 build/obj/vectors.o
                0x0800d440                Vector58
                0x0800d440                Vector9C
                0x0800d440                VectorE8
                0x0800d440                VectorAC
                0x0800d440                DebugMon_Handler
                0x0800d440                Vector1A0
                0x0800d440                Vector5C
                0x0800d440                Vector11C
                0x0800d440                HardFault_Handler
                0x0800d440                Vector1B8
                0x0800d440                Vector19C
                0x0800d440                PendSV_Handler
                0x0800d440                Vector168
                0x0800d440                NMI_Handler
                0x0800d440                Vector110
                0x0800d440                VectorA8
                0x0800d440                Vector160
                0x0800d440                Vector1B0
                0x0800d440                UsageFault_Handler
                0x0800d440                VectorEC
                0x0800d440                Vector40
                0x0800d440                Vector108
                0x0800d440                VectorBC
                0x0800d440                Vector190
                0x0800d440                Vector148
                0x0800d440                Vector188
                0x0800d440                Vector198
                0x0800d440                Vector118
                0x0800d440                Vector64
                0x0800d440                VectorCC
                0x0800d440                Vector54
                0x0800d440                VectorD8
                0x0800d440                Vector138
                0x0800d440                Vector24
                0x0800d440                Vector1AC
                0x0800d440                Vector178
                0x0800d440                Vector1A4
                0x0800d440                VectorD0
                0x0800d440                Vector1B4
                0x0800d440                Vector140
                0x0800d440                VectorE4
                0x0800d440                VectorC0
                0x0800d440                Vector134
                0x0800d440                VectorF0
                0x0800d440                Vector13C
                0x0800d440                Vector100
                0x0800d440                VectorF4
                0x0800d440                MemManage_Handler
                0x0800d440                VectorA0
                0x0800d440                Vector180
                0x0800d440                VectorB0
                0x0800d440                Vector114
                0x0800d440                Vector60
                0x0800d440                Vector164
                0x0800d440                Vector1C
                0x0800d440                Vector1BC
                0x0800d440                Vector17C
                0x0800d440                Vector48
                0x0800d440                Vector1A8
                0x0800d440                Vector16C
                0x0800d440                VectorD4
                0x0800d440                Vector4C
                0x0800d440                Vector144
                0x0800d440                Vector68
                0x0800d440                _unhandled_exception
                0x0800d440                Vector170
                0x0800d440                Vector104
                0x0800d440                Vector184
                0x0800d440                Vector10C
                0x0800d440                BusFault_Handler
                0x0800d440                Vector50
                0x0800d440                Vector194
                0x0800d440                Vector44
                0x0800d440                Vector28
                0x0800d440                Vector34
                0x0800d440                VectorA4
                0x0800d440                Vector20
                0x0800d440                Vector18C
                0x0800d440                Vector174
 *fill*         0x0800d444        0xc 
 .text._idle_thread
                0x0800d450        0x4 build/obj/chsys.o
 *fill*         0x0800d454        0xc 
 .text.chSysInit
                0x0800d460       0xa4 build/obj/chsys.o
                0x0800d460                chSysInit
 *fill*         0x0800d504        0xc 
 .text.chSysHalt
                0x0800d510        0xc build/obj/chsys.o
                0x0800d510                chSysHalt
 *fill*         0x0800d51c        0x4 
 .text.chSysTimerHandlerI
                0x0800d520       0x58 build/obj/chsys.o
                0x0800d520                chSysTimerHandlerI
 *fill*         0x0800d578        0x8 
 .text.chSysPolledDelayX
                0x0800d580       0x14 build/obj/chsys.o
                0x0800d580                chSysPolledDelayX
 *fill*         0x0800d594        0xc 
 .text._vt_init
                0x0800d5a0       0x1c build/obj/chvt.o
                0x0800d5a0                _vt_init
 *fill*         0x0800d5bc        0x4 
 .text.chVTDoSetI
                0x0800d5c0       0x3c build/obj/chvt.o
                0x0800d5c0                chVTDoSetI
 *fill*         0x0800d5fc        0x4 
 .text.chVTDoResetI
                0x0800d600       0x28 build/obj/chvt.o
                0x0800d600                chVTDoResetI
 *fill*         0x0800d628        0x8 
 .text.wakeup   0x0800d630       0x6c build/obj/chschd.o
 *fill*         0x0800d69c        0x4 
 .text._scheduler_init
                0x0800d6a0       0x14 build/obj/chschd.o
                0x0800d6a0                _scheduler_init
 *fill*         0x0800d6b4        0xc 
 .text.chSchReadyI
                0x0800d6c0       0x2c build/obj/chschd.o
                0x0800d6c0                chSchReadyI
 *fill*         0x0800d6ec        0x4 
 .text.chSchGoSleepS
                0x0800d6f0       0x28 build/obj/chschd.o
                0x0800d6f0                chSchGoSleepS
 *fill*         0x0800d718        0x8 
 .text.chSchGoSleepTimeoutS
                0x0800d720       0x44 build/obj/chschd.o
                0x0800d720                chSchGoSleepTimeoutS
 *fill*         0x0800d764        0xc 
 .text.chSchWakeupS
                0x0800d770       0x58 build/obj/chschd.o
                0x0800d770                chSchWakeupS
 *fill*         0x0800d7c8        0x8 
 .text.chSchIsPreemptionRequired
                0x0800d7d0       0x28 build/obj/chschd.o
                0x0800d7d0                chSchIsPreemptionRequired
 *fill*         0x0800d7f8        0x8 
 .text.chSchDoRescheduleBehind
                0x0800d800       0x40 build/obj/chschd.o
                0x0800d800                chSchDoRescheduleBehind
 .text.chSchDoRescheduleAhead
                0x0800d840       0x3c build/obj/chschd.o
                0x0800d840                chSchDoRescheduleAhead
 *fill*         0x0800d87c        0x4 
 .text.chSchRescheduleS
                0x0800d880       0x18 build/obj/chschd.o
                0x0800d880                chSchRescheduleS
 *fill*         0x0800d898        0x8 
 .text.chSchDoReschedule
                0x0800d8a0       0x14 build/obj/chschd.o
                0x0800d8a0                chSchDoReschedule
 *fill*         0x0800d8b4        0xc 
 .text._thread_init
                0x0800d8c0       0x44 build/obj/chthreads.o
                0x0800d8c0                _thread_init
 *fill*         0x0800d904        0xc 
 .text.chThdCreateI
                0x0800d910       0x58 build/obj/chthreads.o
                0x0800d910                chThdCreateI
 *fill*         0x0800d968        0x8 
 .text.chThdCreateStatic
                0x0800d970       0x68 build/obj/chthreads.o
                0x0800d970                chThdCreateStatic
 *fill*         0x0800d9d8        0x8 
 .text.chThdSleep
                0x0800d9e0       0x18 build/obj/chthreads.o
                0x0800d9e0                chThdSleep
 *fill*         0x0800d9f8        0x8 
 .text.chThdExitS
                0x0800da00       0x40 build/obj/chthreads.o
                0x0800da00                chThdExitS
 .text.chThdExit
                0x0800da40        0xc build/obj/chthreads.o
                0x0800da40                chThdExit
 *fill*         0x0800da4c        0x4 
 .text.chThdSuspendS
                0x0800da50       0x1c build/obj/chthreads.o
                0x0800da50                chThdSuspendS
 *fill*         0x0800da6c        0x4 
 .text.chThdSuspendTimeoutS
                0x0800da70       0x1c build/obj/chthreads.o
                0x0800da70                chThdSuspendTimeoutS
 *fill*         0x0800da8c        0x4 
 .text.chThdResumeI
                0x0800da90       0x14 build/obj/chthreads.o
                0x0800da90                chThdResumeI
 *fill*         0x0800daa4        0xc 
 .text.chThdEnqueueTimeoutS
                0x0800dab0       0x28 build/obj/chthreads.o
                0x0800dab0                chThdEnqueueTimeoutS
 *fill*         0x0800dad8        0x8 
 .text.chThdDequeueAllI
                0x0800dae0       0x24 build/obj/chthreads.o
                0x0800dae0                chThdDequeueAllI
 *fill*         0x0800db04        0xc 
 .text.chTMStartMeasurementX
                0x0800db10        0xc build/obj/chtm.o
                0x0800db10                chTMStartMeasurementX
 *fill*         0x0800db1c        0x4 
 .text.chTMStopMeasurementX
                0x0800db20       0x48 build/obj/chtm.o
                0x0800db20                chTMStopMeasurementX
 *fill*         0x0800db68        0x8 
 .text._tm_init
                0x0800db70       0x38 build/obj/chtm.o
                0x0800db70                _tm_init
 *fill*         0x0800dba8        0x8 
 .text.chThdRelease
                0x0800dbb0       0x50 build/obj/chdynamic.o
                0x0800dbb0                chThdRelease
 .text.chRegFirstThread
                0x0800dc00       0x1c build/obj/chregistry.o
                0x0800dc00                chRegFirstThread
 *fill*         0x0800dc1c        0x4 
 .text.chRegNextThread
                0x0800dc20       0x2c build/obj/chregistry.o
                0x0800dc20                chRegNextThread
 *fill*         0x0800dc4c        0x4 
 .text.chMtxObjectInit
                0x0800dc50        0xc build/obj/chmtx.o
                0x0800dc50                chMtxObjectInit
 *fill*         0x0800dc5c        0x4 
 .text.chMtxLockS
                0x0800dc60       0xc8 build/obj/chmtx.o
                0x0800dc60                chMtxLockS
 *fill*         0x0800dd28        0x8 
 .text.chMtxLock
                0x0800dd30       0x14 build/obj/chmtx.o
                0x0800dd30                chMtxLock
 *fill*         0x0800dd44        0xc 
 .text.chMtxUnlock
                0x0800dd50       0x64 build/obj/chmtx.o
                0x0800dd50                chMtxUnlock
 *fill*         0x0800ddb4        0xc 
 .text.chEvtRegisterMaskWithFlags
                0x0800ddc0       0x28 build/obj/chevents.o
                0x0800ddc0                chEvtRegisterMaskWithFlags
 *fill*         0x0800dde8        0x8 
 .text.chEvtUnregister
                0x0800ddf0       0x2c build/obj/chevents.o
                0x0800ddf0                chEvtUnregister
 *fill*         0x0800de1c        0x4 
 .text.chEvtSignalI
                0x0800de20       0x28 build/obj/chevents.o
                0x0800de20                chEvtSignalI
 *fill*         0x0800de48        0x8 
 .text.chEvtBroadcastFlagsI
                0x0800de50       0x2c build/obj/chevents.o
                0x0800de50                chEvtBroadcastFlagsI
 *fill*         0x0800de7c        0x4 
 .text.chEvtSignal
                0x0800de80       0x18 build/obj/chevents.o
                0x0800de80                chEvtSignal
 *fill*         0x0800de98        0x8 
 .text.chEvtWaitAny
                0x0800dea0       0x38 build/obj/chevents.o
                0x0800dea0                chEvtWaitAny
 *fill*         0x0800ded8        0x8 
 .text.chEvtWaitAnyTimeout
                0x0800dee0       0x48 build/obj/chevents.o
                0x0800dee0                chEvtWaitAnyTimeout
 *fill*         0x0800df28        0x8 
 .text.chIQObjectInit
                0x0800df30       0x20 build/obj/chqueues.o
                0x0800df30                chIQObjectInit
 .text.chIQResetI
                0x0800df50       0x14 build/obj/chqueues.o
                0x0800df50                chIQResetI
 *fill*         0x0800df64        0xc 
 .text.chIQGetTimeout
                0x0800df70       0x50 build/obj/chqueues.o
                0x0800df70                chIQGetTimeout
 .text.chIQReadTimeout
                0x0800dfc0       0x78 build/obj/chqueues.o
                0x0800dfc0                chIQReadTimeout
 *fill*         0x0800e038        0x8 
 .text.chOQObjectInit
                0x0800e040       0x1c build/obj/chqueues.o
                0x0800e040                chOQObjectInit
 *fill*         0x0800e05c        0x4 
 .text.chOQResetI
                0x0800e060       0x1c build/obj/chqueues.o
                0x0800e060                chOQResetI
 *fill*         0x0800e07c        0x4 
 .text.chOQPutTimeout
                0x0800e080       0x54 build/obj/chqueues.o
                0x0800e080                chOQPutTimeout
 *fill*         0x0800e0d4        0xc 
 .text.chOQWriteTimeout
                0x0800e0e0       0x88 build/obj/chqueues.o
                0x0800e0e0                chOQWriteTimeout
 *fill*         0x0800e168        0x8 
 .text._core_init
                0x0800e170       0x28 build/obj/chmemcore.o
                0x0800e170                _core_init
 *fill*         0x0800e198        0x8 
 .text.chCoreAlloc
                0x0800e1a0       0x38 build/obj/chmemcore.o
                0x0800e1a0                chCoreAlloc
 *fill*         0x0800e1d8        0x8 
 .text.chCoreGetStatusX
                0x0800e1e0       0x14 build/obj/chmemcore.o
                0x0800e1e0                chCoreGetStatusX
 *fill*         0x0800e1f4        0xc 
 .text._heap_init
                0x0800e200       0x1c build/obj/chheap.o
                0x0800e200                _heap_init
 *fill*         0x0800e21c        0x4 
 .text.chHeapFree
                0x0800e220       0x8c build/obj/chheap.o
                0x0800e220                chHeapFree
 *fill*         0x0800e2ac        0x4 
 .text.chHeapStatus
                0x0800e2b0       0x44 build/obj/chheap.o
                0x0800e2b0                chHeapStatus
 *fill*         0x0800e2f4        0xc 
 .text.chPoolFree
                0x0800e300       0x14 build/obj/chmempools.o
                0x0800e300                chPoolFree
 *fill*         0x0800e314        0xc 
 .text.SVC_Handler
                0x0800e320       0x2c build/obj/chcore_v7m.o
                0x0800e320                SVC_Handler
 *fill*         0x0800e34c        0x4 
 .text._port_irq_epilogue
                0x0800e350       0x60 build/obj/chcore_v7m.o
                0x0800e350                _port_irq_epilogue
 .text.halInit  0x0800e3b0       0x38 build/obj/hal.o
                0x0800e3b0                halInit
 *fill*         0x0800e3e8        0x8 
 .text.stInit   0x0800e3f0        0x4 build/obj/st.o
                0x0800e3f0                stInit
 *fill*         0x0800e3f4        0xc 
 .text.canInit  0x0800e400        0x4 build/obj/can.o
                0x0800e400                canInit
 *fill*         0x0800e404        0xc 
 .text.canObjectInit
                0x0800e410       0x3c build/obj/can.o
                0x0800e410                canObjectInit
 *fill*         0x0800e44c        0x4 
 .text.canStart
                0x0800e450       0x20 build/obj/can.o
                0x0800e450                canStart
 .text.canTransmit
                0x0800e470       0x50 build/obj/can.o
                0x0800e470                canTransmit
 .text.canReceive
                0x0800e4c0       0x50 build/obj/can.o
                0x0800e4c0                canReceive
 .text.i2cInit  0x0800e510        0x4 build/obj/i2c.o
                0x0800e510                i2cInit
 *fill*         0x0800e514        0xc 
 .text.i2cObjectInit
                0x0800e520       0x10 build/obj/i2c.o
                0x0800e520                i2cObjectInit
 .text.i2cStart
                0x0800e530       0x1c build/obj/i2c.o
                0x0800e530                i2cStart
 *fill*         0x0800e54c        0x4 
 .text.i2cStop  0x0800e550       0x1c build/obj/i2c.o
                0x0800e550                i2cStop
 *fill*         0x0800e56c        0x4 
 .text.i2cMasterTransmitTimeout
                0x0800e570       0x40 build/obj/i2c.o
                0x0800e570                i2cMasterTransmitTimeout
 .text.i2cMasterReceiveTimeout
                0x0800e5b0       0x30 build/obj/i2c.o
                0x0800e5b0                i2cMasterReceiveTimeout
 .text.i2cAcquireBus
                0x0800e5e0        0x8 build/obj/i2c.o
                0x0800e5e0                i2cAcquireBus
 *fill*         0x0800e5e8        0x8 
 .text.i2cReleaseBus
                0x0800e5f0        0x8 build/obj/i2c.o
                0x0800e5f0                i2cReleaseBus
 *fill*         0x0800e5f8        0x8 
 .text.icuInit  0x0800e600        0x4 build/obj/icu.o
                0x0800e600                icuInit
 *fill*         0x0800e604        0xc 
 .text.icuObjectInit
                0x0800e610        0xc build/obj/icu.o
                0x0800e610                icuObjectInit
 *fill*         0x0800e61c        0x4 
 .text.icuStart
                0x0800e620       0x1c build/obj/icu.o
                0x0800e620                icuStart
 *fill*         0x0800e63c        0x4 
 .text.icuStop  0x0800e640       0x1c build/obj/icu.o
                0x0800e640                icuStop
 *fill*         0x0800e65c        0x4 
 .text.icuStartCapture
                0x0800e660       0x1c build/obj/icu.o
                0x0800e660                icuStartCapture
 *fill*         0x0800e67c        0x4 
 .text.icuEnableNotifications
                0x0800e680       0x14 build/obj/icu.o
                0x0800e680                icuEnableNotifications
 *fill*         0x0800e694        0xc 
 .text.onotify  0x0800e6a0       0x5c build/obj/serial_usb.o
 *fill*         0x0800e6fc        0x4 
 .text.inotify  0x0800e700       0x6c build/obj/serial_usb.o
 *fill*         0x0800e76c        0x4 
 .text.readt    0x0800e770        0x8 build/obj/serial_usb.o
 *fill*         0x0800e778        0x8 
 .text.read     0x0800e780        0xc build/obj/serial_usb.o
 *fill*         0x0800e78c        0x4 
 .text.writet   0x0800e790        0x8 build/obj/serial_usb.o
 *fill*         0x0800e798        0x8 
 .text.write    0x0800e7a0        0xc build/obj/serial_usb.o
 *fill*         0x0800e7ac        0x4 
 .text.gett     0x0800e7b0        0x8 build/obj/serial_usb.o
 *fill*         0x0800e7b8        0x8 
 .text.get      0x0800e7c0        0xc build/obj/serial_usb.o
 *fill*         0x0800e7cc        0x4 
 .text.putt     0x0800e7d0        0x8 build/obj/serial_usb.o
 *fill*         0x0800e7d8        0x8 
 .text.put      0x0800e7e0        0xc build/obj/serial_usb.o
 *fill*         0x0800e7ec        0x4 
 .text.sduInit  0x0800e7f0        0x4 build/obj/serial_usb.o
                0x0800e7f0                sduInit
 *fill*         0x0800e7f4        0xc 
 .text.sduObjectInit
                0x0800e800       0x4c build/obj/serial_usb.o
                0x0800e800                sduObjectInit
 *fill*         0x0800e84c        0x4 
 .text.sduStart
                0x0800e850       0x34 build/obj/serial_usb.o
                0x0800e850                sduStart
 *fill*         0x0800e884        0xc 
 .text.sduConfigureHookI
                0x0800e890       0x4c build/obj/serial_usb.o
                0x0800e890                sduConfigureHookI
 *fill*         0x0800e8dc        0x4 
 .text.sduRequestsHook
                0x0800e8e0       0x40 build/obj/serial_usb.o
                0x0800e8e0                sduRequestsHook
 .text.sduDataTransmitted
                0x0800e920       0x6c build/obj/serial_usb.o
                0x0800e920                sduDataTransmitted
 *fill*         0x0800e98c        0x4 
 .text.sduDataReceived
                0x0800e990       0x6c build/obj/serial_usb.o
                0x0800e990                sduDataReceived
 *fill*         0x0800e9fc        0x4 
 .text.sduInterruptTransmitted
                0x0800ea00        0x4 build/obj/serial_usb.o
                0x0800ea00                sduInterruptTransmitted
 *fill*         0x0800ea04        0xc 
 .text.spiInit  0x0800ea10        0x4 build/obj/spi.o
                0x0800ea10                spiInit
 *fill*         0x0800ea14        0xc 
 .text.spiObjectInit
                0x0800ea20       0x10 build/obj/spi.o
                0x0800ea20                spiObjectInit
 .text.uartInit
                0x0800ea30        0x4 build/obj/uart.o
                0x0800ea30                uartInit
 *fill*         0x0800ea34        0xc 
 .text.uartObjectInit
                0x0800ea40       0x10 build/obj/uart.o
                0x0800ea40                uartObjectInit
 .text.uartStart
                0x0800ea50       0x1c build/obj/uart.o
                0x0800ea50                uartStart
 *fill*         0x0800ea6c        0x4 
 .text.uartStop
                0x0800ea70       0x20 build/obj/uart.o
                0x0800ea70                uartStop
 .text.uartStartSend
                0x0800ea90       0x1c build/obj/uart.o
                0x0800ea90                uartStartSend
 *fill*         0x0800eaac        0x4 
 .text.usbInit  0x0800eab0        0x4 build/obj/usb.o
                0x0800eab0                usbInit
 *fill*         0x0800eab4        0xc 
 .text.usbObjectInit
                0x0800eac0       0x1c build/obj/usb.o
                0x0800eac0                usbObjectInit
 *fill*         0x0800eadc        0x4 
 .text.usbStart
                0x0800eae0       0x24 build/obj/usb.o
                0x0800eae0                usbStart
 *fill*         0x0800eb04        0xc 
 .text.usbStop  0x0800eb10       0x1c build/obj/usb.o
                0x0800eb10                usbStop
 *fill*         0x0800eb2c        0x4 
 .text.usbInitEndpointI
                0x0800eb30       0x30 build/obj/usb.o
                0x0800eb30                usbInitEndpointI
 .text.usbPrepareQueuedReceive
                0x0800eb60       0x1c build/obj/usb.o
                0x0800eb60                usbPrepareQueuedReceive
 *fill*         0x0800eb7c        0x4 
 .text.usbPrepareQueuedTransmit
                0x0800eb80       0x1c build/obj/usb.o
                0x0800eb80                usbPrepareQueuedTransmit
 *fill*         0x0800eb9c        0x4 
 .text.usbStartReceiveI
                0x0800eba0       0x24 build/obj/usb.o
                0x0800eba0                usbStartReceiveI
 *fill*         0x0800ebc4        0xc 
 .text.usbStartTransmitI
                0x0800ebd0       0x24 build/obj/usb.o
                0x0800ebd0                usbStartTransmitI
 *fill*         0x0800ebf4        0xc 
 .text._usb_reset
                0x0800ec00       0x28 build/obj/usb.o
                0x0800ec00                _usb_reset
 *fill*         0x0800ec28        0x8 
 .text._usb_ep0setup
                0x0800ec30      0x33c build/obj/usb.o
                0x0800ec30                _usb_ep0setup
 *fill*         0x0800ef6c        0x4 
 .text._usb_ep0in
                0x0800ef70       0xe4 build/obj/usb.o
                0x0800ef70                _usb_ep0in
 *fill*         0x0800f054        0xc 
 .text._usb_ep0out
                0x0800f060       0x9c build/obj/usb.o
                0x0800f060                _usb_ep0out
 *fill*         0x0800f0fc        0x4 
 .text.nvicEnableVector
                0x0800f100       0x34 build/obj/nvic.o
                0x0800f100                nvicEnableVector
 *fill*         0x0800f134        0xc 
 .text.nvicDisableVector
                0x0800f140       0x28 build/obj/nvic.o
                0x0800f140                nvicDisableVector
 *fill*         0x0800f168        0x8 
 .text.nvicSetSystemHandlerPriority
                0x0800f170       0x10 build/obj/nvic.o
                0x0800f170                nvicSetSystemHandlerPriority
 .text.Vector6C
                0x0800f180       0x28 build/obj/stm32_dma.o
                0x0800f180                Vector6C
 *fill*         0x0800f1a8        0x8 
 .text.Vector70
                0x0800f1b0       0x2c build/obj/stm32_dma.o
                0x0800f1b0                Vector70
 *fill*         0x0800f1dc        0x4 
 .text.Vector74
                0x0800f1e0       0x2c build/obj/stm32_dma.o
                0x0800f1e0                Vector74
 *fill*         0x0800f20c        0x4 
 .text.Vector78
                0x0800f210       0x2c build/obj/stm32_dma.o
                0x0800f210                Vector78
 *fill*         0x0800f23c        0x4 
 .text.Vector7C
                0x0800f240       0x28 build/obj/stm32_dma.o
                0x0800f240                Vector7C
 *fill*         0x0800f268        0x8 
 .text.Vector80
                0x0800f270       0x2c build/obj/stm32_dma.o
                0x0800f270                Vector80
 *fill*         0x0800f29c        0x4 
 .text.Vector84
                0x0800f2a0       0x2c build/obj/stm32_dma.o
                0x0800f2a0                Vector84
 *fill*         0x0800f2cc        0x4 
 .text.VectorFC
                0x0800f2d0       0x2c build/obj/stm32_dma.o
                0x0800f2d0                VectorFC
 *fill*         0x0800f2fc        0x4 
 .text.Vector120
                0x0800f300       0x28 build/obj/stm32_dma.o
                0x0800f300                Vector120
 *fill*         0x0800f328        0x8 
 .text.Vector124
                0x0800f330       0x2c build/obj/stm32_dma.o
                0x0800f330                Vector124
 *fill*         0x0800f35c        0x4 
 .text.Vector128
                0x0800f360       0x2c build/obj/stm32_dma.o
                0x0800f360                Vector128
 *fill*         0x0800f38c        0x4 
 .text.Vector12C
                0x0800f390       0x2c build/obj/stm32_dma.o
                0x0800f390                Vector12C
 *fill*         0x0800f3bc        0x4 
 .text.Vector130
                0x0800f3c0       0x28 build/obj/stm32_dma.o
                0x0800f3c0                Vector130
 *fill*         0x0800f3e8        0x8 
 .text.Vector150
                0x0800f3f0       0x2c build/obj/stm32_dma.o
                0x0800f3f0                Vector150
 *fill*         0x0800f41c        0x4 
 .text.Vector154
                0x0800f420       0x2c build/obj/stm32_dma.o
                0x0800f420                Vector154
 *fill*         0x0800f44c        0x4 
 .text.Vector158
                0x0800f450       0x2c build/obj/stm32_dma.o
                0x0800f450                Vector158
 *fill*         0x0800f47c        0x4 
 .text.dmaInit  0x0800f480       0x54 build/obj/stm32_dma.o
                0x0800f480                dmaInit
 *fill*         0x0800f4d4        0xc 
 .text.dmaStreamAllocate
                0x0800f4e0       0x90 build/obj/stm32_dma.o
                0x0800f4e0                dmaStreamAllocate
 .text.dmaStreamRelease
                0x0800f570       0x44 build/obj/stm32_dma.o
                0x0800f570                dmaStreamRelease
 *fill*         0x0800f5b4        0xc 
 .text.hal_lld_init
                0x0800f5c0       0x68 build/obj/hal_lld.o
                0x0800f5c0                hal_lld_init
 *fill*         0x0800f628        0x8 
 .text.stm32_clock_init
                0x0800f630       0xc0 build/obj/hal_lld.o
                0x0800f630                stm32_clock_init
 .text.SysTick_Handler
                0x0800f6f0       0x1c build/obj/st_lld.o
                0x0800f6f0                SysTick_Handler
 *fill*         0x0800f70c        0x4 
 .text.st_lld_init
                0x0800f710       0x1c build/obj/st_lld.o
                0x0800f710                st_lld_init
 *fill*         0x0800f72c        0x4 
 .text.can_lld_set_filters
                0x0800f730      0x118 build/obj/can_lld.o
 *fill*         0x0800f848        0x8 
 .text.Vector8C
                0x0800f850       0x3c build/obj/can_lld.o
                0x0800f850                Vector8C
 *fill*         0x0800f88c        0x4 
 .text.Vector90
                0x0800f890       0x64 build/obj/can_lld.o
                0x0800f890                Vector90
 *fill*         0x0800f8f4        0xc 
 .text.Vector94
                0x0800f900       0x64 build/obj/can_lld.o
                0x0800f900                Vector94
 *fill*         0x0800f964        0xc 
 .text.Vector98
                0x0800f970       0x78 build/obj/can_lld.o
                0x0800f970                Vector98
 *fill*         0x0800f9e8        0x8 
 .text.can_lld_init
                0x0800f9f0       0x24 build/obj/can_lld.o
                0x0800f9f0                can_lld_init
 *fill*         0x0800fa14        0xc 
 .text.can_lld_start
                0x0800fa20       0x70 build/obj/can_lld.o
                0x0800fa20                can_lld_start
 .text.can_lld_is_tx_empty
                0x0800fa90       0x40 build/obj/can_lld.o
                0x0800fa90                can_lld_is_tx_empty
 .text.can_lld_transmit
                0x0800fad0       0x7c build/obj/can_lld.o
                0x0800fad0                can_lld_transmit
 *fill*         0x0800fb4c        0x4 
 .text.can_lld_is_rx_nonempty
                0x0800fb50       0x38 build/obj/can_lld.o
                0x0800fb50                can_lld_is_rx_nonempty
 *fill*         0x0800fb88        0x8 
 .text.can_lld_receive
                0x0800fb90       0xb8 build/obj/can_lld.o
                0x0800fb90                can_lld_receive
 *fill*         0x0800fc48        0x8 
 .text._pal_lld_init
                0x0800fc50      0x1ac build/obj/pal_lld.o
                0x0800fc50                _pal_lld_init
 *fill*         0x0800fdfc        0x4 
 .text._pal_lld_setgroupmode
                0x0800fe00       0xb8 build/obj/pal_lld.o
                0x0800fe00                _pal_lld_setgroupmode
 *fill*         0x0800feb8        0x8 
 .text.i2c_lld_serve_tx_end_irq
                0x0800fec0       0x40 build/obj/i2c_lld.o
 .text.i2c_lld_serve_rx_end_irq
                0x0800ff00       0x64 build/obj/i2c_lld.o
 *fill*         0x0800ff64        0xc 
 .text.VectorC4
                0x0800ff70       0xf8 build/obj/i2c_lld.o
                0x0800ff70                VectorC4
 *fill*         0x08010068        0x8 
 .text.VectorC8
                0x08010070       0xd8 build/obj/i2c_lld.o
                0x08010070                VectorC8
 *fill*         0x08010148        0x8 
 .text.i2c_lld_init
                0x08010150       0x2c build/obj/i2c_lld.o
                0x08010150                i2c_lld_init
 *fill*         0x0801017c        0x4 
 .text.i2c_lld_start
                0x08010180      0x164 build/obj/i2c_lld.o
                0x08010180                i2c_lld_start
 *fill*         0x080102e4        0xc 
 .text.i2c_lld_stop
                0x080102f0       0x88 build/obj/i2c_lld.o
                0x080102f0                i2c_lld_stop
 *fill*         0x08010378        0x8 
 .text.i2c_lld_master_receive_timeout
                0x08010380       0x74 build/obj/i2c_lld.o
                0x08010380                i2c_lld_master_receive_timeout
 *fill*         0x080103f4        0xc 
 .text.i2c_lld_master_transmit_timeout
                0x08010400       0x8c build/obj/i2c_lld.o
                0x08010400                i2c_lld_master_transmit_timeout
 *fill*         0x0801048c        0x4 
 .text.usb_lld_pump
                0x08010490      0x390 build/obj/usb_lld.o
                0x08010490                usb_lld_pump
 .text.otg_disable_ep.isra.0
                0x08010820       0x74 build/obj/usb_lld.o
 *fill*         0x08010894        0xc 
 .text.usb_lld_init
                0x080108a0       0x24 build/obj/usb_lld.o
                0x080108a0                usb_lld_init
 *fill*         0x080108c4        0xc 
 .text.usb_lld_start
                0x080108d0       0xe4 build/obj/usb_lld.o
                0x080108d0                usb_lld_start
 *fill*         0x080109b4        0xc 
 .text.usb_lld_stop
                0x080109c0       0x44 build/obj/usb_lld.o
                0x080109c0                usb_lld_stop
 *fill*         0x08010a04        0xc 
 .text.usb_lld_reset
                0x08010a10       0xc4 build/obj/usb_lld.o
                0x08010a10                usb_lld_reset
 *fill*         0x08010ad4        0xc 
 .text.usb_lld_set_address
                0x08010ae0       0x18 build/obj/usb_lld.o
                0x08010ae0                usb_lld_set_address
 *fill*         0x08010af8        0x8 
 .text.usb_lld_init_endpoint
                0x08010b00      0x164 build/obj/usb_lld.o
                0x08010b00                usb_lld_init_endpoint
 *fill*         0x08010c64        0xc 
 .text.usb_lld_get_status_out
                0x08010c70       0x1c build/obj/usb_lld.o
                0x08010c70                usb_lld_get_status_out
 *fill*         0x08010c8c        0x4 
 .text.usb_lld_get_status_in
                0x08010c90       0x1c build/obj/usb_lld.o
                0x08010c90                usb_lld_get_status_in
 *fill*         0x08010cac        0x4 
 .text.usb_lld_read_setup
                0x08010cb0       0x14 build/obj/usb_lld.o
                0x08010cb0                usb_lld_read_setup
 *fill*         0x08010cc4        0xc 
 .text.usb_lld_prepare_receive
                0x08010cd0       0x40 build/obj/usb_lld.o
                0x08010cd0                usb_lld_prepare_receive
 .text.otg_epout_handler.constprop.7
                0x08010d10       0xa0 build/obj/usb_lld.o
 .text.usb_lld_prepare_transmit
                0x08010db0       0x50 build/obj/usb_lld.o
                0x08010db0                usb_lld_prepare_transmit
 .text.otg_epin_handler.constprop.8
                0x08010e00       0xd4 build/obj/usb_lld.o
 *fill*         0x08010ed4        0xc 
 .text.Vector14C
                0x08010ee0       0xf4 build/obj/usb_lld.o
                0x08010ee0                Vector14C
 *fill*         0x08010fd4        0xc 
 .text.usb_lld_start_out
                0x08010fe0       0x14 build/obj/usb_lld.o
                0x08010fe0                usb_lld_start_out
 *fill*         0x08010ff4        0xc 
 .text.usb_lld_start_in
                0x08011000       0x2c build/obj/usb_lld.o
                0x08011000                usb_lld_start_in
 *fill*         0x0801102c        0x4 
 .text.usb_lld_stall_out
                0x08011030       0x14 build/obj/usb_lld.o
                0x08011030                usb_lld_stall_out
 *fill*         0x08011044        0xc 
 .text.usb_lld_stall_in
                0x08011050       0x14 build/obj/usb_lld.o
                0x08011050                usb_lld_stall_in
 *fill*         0x08011064        0xc 
 .text.usb_lld_clear_out
                0x08011070       0x14 build/obj/usb_lld.o
                0x08011070                usb_lld_clear_out
 *fill*         0x08011084        0xc 
 .text.usb_lld_clear_in
                0x08011090       0x14 build/obj/usb_lld.o
                0x08011090                usb_lld_clear_in
 *fill*         0x080110a4        0xc 
 .text.spi_lld_init
                0x080110b0       0x44 build/obj/spi_lld.o
                0x080110b0                spi_lld_init
 *fill*         0x080110f4        0xc 
 .text.VectorB4
                0x08011100       0x98 build/obj/icu_lld.o
                0x08011100                VectorB4
 *fill*         0x08011198        0x8 
 .text.icu_lld_init
                0x080111a0       0x18 build/obj/icu_lld.o
                0x080111a0                icu_lld_init
 *fill*         0x080111b8        0x8 
 .text.icu_lld_start
                0x080111c0       0xbc build/obj/icu_lld.o
                0x080111c0                icu_lld_start
 *fill*         0x0801127c        0x4 
 .text.icu_lld_stop
                0x08011280       0x34 build/obj/icu_lld.o
                0x08011280                icu_lld_stop
 *fill*         0x080112b4        0xc 
 .text.icu_lld_start_capture
                0x080112c0       0x14 build/obj/icu_lld.o
                0x080112c0                icu_lld_start_capture
 *fill*         0x080112d4        0xc 
 .text.icu_lld_enable_notifications
                0x080112e0       0x40 build/obj/icu_lld.o
                0x080112e0                icu_lld_enable_notifications
 .text.usart_stop
                0x08011320       0x48 build/obj/uart_lld.o
 *fill*         0x08011368        0x8 
 .text.serve_usart_irq
                0x08011370       0x78 build/obj/uart_lld.o
 *fill*         0x080113e8        0x8 
 .text.uart_lld_serve_tx_end_irq
                0x080113f0       0x50 build/obj/uart_lld.o
 .text.uart_lld_serve_rx_end_irq
                0x08011440       0x90 build/obj/uart_lld.o
 .text.VectorDC
                0x080114d0       0x14 build/obj/uart_lld.o
                0x080114d0                VectorDC
 *fill*         0x080114e4        0xc 
 .text.Vector15C
                0x080114f0       0x14 build/obj/uart_lld.o
                0x080114f0                Vector15C
 *fill*         0x08011504        0xc 
 .text.uart_lld_init
                0x08011510       0x48 build/obj/uart_lld.o
                0x08011510                uart_lld_init
 *fill*         0x08011558        0x8 
 .text.uart_lld_start
                0x08011560      0x158 build/obj/uart_lld.o
                0x08011560                uart_lld_start
 *fill*         0x080116b8        0x8 
 .text.uart_lld_stop
                0x080116c0       0x5c build/obj/uart_lld.o
                0x080116c0                uart_lld_stop
 *fill*         0x0801171c        0x4 
 .text.uart_lld_start_send
                0x08011720       0x34 build/obj/uart_lld.o
                0x08011720                uart_lld_start_send
 *fill*         0x08011754        0xc 
 .text._sbrk_r  0x08011760       0x18 build/obj/syscalls.o
                0x08011760                _sbrk_r
 *fill*         0x08011778        0x8 
 .text.__early_init
                0x08011780        0x4 build/obj/board.o
                0x08011780                __early_init
 *fill*         0x08011784        0xc 
 .text.boardInit
                0x08011790        0x4 build/obj/board.o
                0x08011790                boardInit
 *fill*         0x08011794        0xc 
 .text.timer_thread
                0x080117a0       0x20 build/obj/main.o
 .text.periodic_thread
                0x080117c0      0x130 build/obj/main.o
 .text.startup.main
                0x080118f0       0xa0 build/obj/main.o
                0x080118f0                main
 .text.get_descriptor
                0x08011990       0x30 build/obj/comm_usb_serial.o
 .text.usb_event
                0x080119c0       0x40 build/obj/comm_usb_serial.o
 .text.comm_usb_serial_init
                0x08011a00       0x6c build/obj/comm_usb_serial.o
                0x08011a00                comm_usb_serial_init
 *fill*         0x08011a6c        0x4 
 .text.Vector88
                0x08011a70       0x1c build/obj/irq_handlers.o
                0x08011a70                Vector88
 *fill*         0x08011a8c        0x4 
 .text.VectorE0
                0x08011a90       0x20 build/obj/irq_handlers.o
                0x08011a90                VectorE0
 .text.VectorB8
                0x08011ab0       0x24 build/obj/irq_handlers.o
                0x08011ab0                VectorB8
 *fill*         0x08011ad4        0xc 
 .text.VectorF8
                0x08011ae0       0x24 build/obj/irq_handlers.o
                0x08011ae0                VectorF8
 *fill*         0x08011b04        0xc 
 .text.buffer_append_int16
                0x08011b10       0x18 build/obj/buffer.o
                0x08011b10                buffer_append_int16
 *fill*         0x08011b28        0x8 
 .text.buffer_append_uint16
                0x08011b30       0x18 build/obj/buffer.o
                0x08011b30                buffer_append_uint16
 *fill*         0x08011b48        0x8 
 .text.buffer_append_int32
                0x08011b50       0x2c build/obj/buffer.o
                0x08011b50                buffer_append_int32
 *fill*         0x08011b7c        0x4 
 .text.buffer_append_uint32
                0x08011b80       0x2c build/obj/buffer.o
                0x08011b80                buffer_append_uint32
 *fill*         0x08011bac        0x4 
 .text.buffer_append_float16
                0x08011bb0       0x2c build/obj/buffer.o
                0x08011bb0                buffer_append_float16
 *fill*         0x08011bdc        0x4 
 .text.buffer_append_float32
                0x08011be0       0x14 build/obj/buffer.o
                0x08011be0                buffer_append_float32
 *fill*         0x08011bf4        0xc 
 .text.buffer_append_float32_auto
                0x08011c00       0x78 build/obj/buffer.o
                0x08011c00                buffer_append_float32_auto
 *fill*         0x08011c78        0x8 
 .text.buffer_get_int16
                0x08011c80       0x1c build/obj/buffer.o
                0x08011c80                buffer_get_int16
 *fill*         0x08011c9c        0x4 
 .text.buffer_get_uint16
                0x08011ca0       0x14 build/obj/buffer.o
                0x08011ca0                buffer_get_uint16
 *fill*         0x08011cb4        0xc 
 .text.buffer_get_int32
                0x08011cc0       0x24 build/obj/buffer.o
                0x08011cc0                buffer_get_int32
 *fill*         0x08011ce4        0xc 
 .text.buffer_get_uint32
                0x08011cf0       0x24 build/obj/buffer.o
                0x08011cf0                buffer_get_uint32
 *fill*         0x08011d14        0xc 
 .text.buffer_get_float32
                0x08011d20       0x14 build/obj/buffer.o
                0x08011d20                buffer_get_float32
 *fill*         0x08011d34        0xc 
 .text.buffer_get_float32_auto
                0x08011d40       0x48 build/obj/buffer.o
                0x08011d40                buffer_get_float32_auto
 *fill*         0x08011d88        0x8 
 .text.send_packet
                0x08011d90       0x1c build/obj/comm_usb.o
 *fill*         0x08011dac        0x4 
 .text.serial_process_thread
                0x08011db0       0x5c build/obj/comm_usb.o
 *fill*         0x08011e0c        0x4 
 .text.serial_read_thread
                0x08011e10       0x78 build/obj/comm_usb.o
 *fill*         0x08011e88        0x8 
 .text.process_packet
                0x08011e90       0x1c build/obj/comm_usb.o
 *fill*         0x08011eac        0x4 
 .text.send_packet_wrapper
                0x08011eb0       0x28 build/obj/comm_usb.o
 *fill*         0x08011ed8        0x8 
 .text.comm_usb_init
                0x08011ee0       0x5c build/obj/comm_usb.o
                0x08011ee0                comm_usb_init
 *fill*         0x08011f3c        0x4 
 .text.crc16    0x08011f40       0x30 build/obj/crc.o
                0x08011f40                crc16
 .text.filter_fft
                0x08011f70      0x1f4 build/obj/digital_filter.o
                0x08011f70                filter_fft
 *fill*         0x08012164        0xc 
 .text.filter_hamming
                0x08012170       0xd4 build/obj/digital_filter.o
                0x08012170                filter_hamming
 *fill*         0x08012244        0xc 
 .text.filter_create_fir_lowpass
                0x08012250       0xc0 build/obj/digital_filter.o
                0x08012250                filter_create_fir_lowpass
 .text.filter_run_fir_iteration
                0x08012310       0x48 build/obj/digital_filter.o
                0x08012310                filter_run_fir_iteration
 *fill*         0x08012358        0x8 
 .text.filter_add_sample
                0x08012360       0x24 build/obj/digital_filter.o
                0x08012360                filter_add_sample
 *fill*         0x08012384        0xc 
 .text.ledpwm_init
                0x08012390       0x60 build/obj/ledpwm.o
                0x08012390                ledpwm_init
 .text.ledpwm_set_intensity
                0x080123f0       0x50 build/obj/ledpwm.o
                0x080123f0                ledpwm_set_intensity
 .text.ledpwm_update_pwm
                0x08012440       0x40 build/obj/ledpwm.o
                0x08012440                ledpwm_update_pwm
 .text.update_adc_sample_pos
                0x08012480      0x1d8 build/obj/mcpwm.o
 *fill*         0x08012658        0x8 
 .text.update_rpm_tacho
                0x08012660       0x9c build/obj/mcpwm.o
 *fill*         0x080126fc        0x4 
 .text.update_sensor_mode
                0x08012700       0x4c build/obj/mcpwm.o
 *fill*         0x0801274c        0x4 
 .text.update_timer_attempt
                0x08012750       0x78 build/obj/mcpwm.o
 *fill*         0x080127c8        0x8 
 .text.set_next_timer_settings
                0x080127d0       0x2c build/obj/mcpwm.o
 *fill*         0x080127fc        0x4 
 .text.set_switching_frequency
                0x08012800       0x54 build/obj/mcpwm.o
 *fill*         0x08012854        0xc 
 .text.set_duty_cycle_hw
                0x08012860      0x120 build/obj/mcpwm.o
 .text.set_next_comm_step
                0x08012980      0x464 build/obj/mcpwm.o
 *fill*         0x08012de4        0xc 
 .text.full_brake_hw
                0x08012df0       0x80 build/obj/mcpwm.o
 .text.stop_pwm_hw
                0x08012e70       0x80 build/obj/mcpwm.o
 .text.commutate
                0x08012ef0       0xf0 build/obj/mcpwm.o
 .text.timer_thread
                0x08012fe0      0x264 build/obj/mcpwm.o
 *fill*         0x08013244        0xc 
 .text.mcpwm_deinit
                0x08013250       0x80 build/obj/mcpwm.o
                0x08013250                mcpwm_deinit
 .text.mcpwm_init_done
                0x080132d0        0xc build/obj/mcpwm.o
                0x080132d0                mcpwm_init_done
 *fill*         0x080132dc        0x4 
 .text.mcpwm_init_hall_table
                0x080132e0       0x48 build/obj/mcpwm.o
                0x080132e0                mcpwm_init_hall_table
 *fill*         0x08013328        0x8 
 .text.mcpwm_init
                0x08013330      0x698 build/obj/mcpwm.o
                0x08013330                mcpwm_init
 *fill*         0x080139c8        0x8 
 .text.mcpwm_set_configuration
                0x080139d0       0x50 build/obj/mcpwm.o
                0x080139d0                mcpwm_set_configuration
 .text.mcpwm_set_pid_speed
                0x08013a20       0x18 build/obj/mcpwm.o
                0x08013a20                mcpwm_set_pid_speed
 *fill*         0x08013a38        0x8 
 .text.mcpwm_set_brake_current
                0x08013a40       0xdc build/obj/mcpwm.o
                0x08013a40                mcpwm_set_brake_current
 *fill*         0x08013b1c        0x4 
 .text.mcpwm_get_comm_step
                0x08013b20        0xc build/obj/mcpwm.o
                0x08013b20                mcpwm_get_comm_step
 *fill*         0x08013b2c        0x4 
 .text.mcpwm_get_duty_cycle_now
                0x08013b30        0xc build/obj/mcpwm.o
                0x08013b30                mcpwm_get_duty_cycle_now
 *fill*         0x08013b3c        0x4 
 .text.mcpwm_get_switching_frequency_now
                0x08013b40        0xc build/obj/mcpwm.o
                0x08013b40                mcpwm_get_switching_frequency_now
 *fill*         0x08013b4c        0x4 
 .text.mcpwm_get_rpm
                0x08013b50       0x24 build/obj/mcpwm.o
                0x08013b50                mcpwm_get_rpm
 *fill*         0x08013b74        0xc 
 .text.mcpwm_get_state
                0x08013b80        0xc build/obj/mcpwm.o
                0x08013b80                mcpwm_get_state
 *fill*         0x08013b8c        0x4 
 .text.mcpwm_get_kv_filtered
                0x08013b90       0x1c build/obj/mcpwm.o
                0x08013b90                mcpwm_get_kv_filtered
 *fill*         0x08013bac        0x4 
 .text.mcpwm_get_tot_current
                0x08013bb0        0xc build/obj/mcpwm.o
                0x08013bb0                mcpwm_get_tot_current
 *fill*         0x08013bbc        0x4 
 .text.mcpwm_get_tot_current_filtered
                0x08013bc0        0xc build/obj/mcpwm.o
                0x08013bc0                mcpwm_get_tot_current_filtered
 *fill*         0x08013bcc        0x4 
 .text.mcpwm_get_tot_current_directional
                0x08013bd0       0x24 build/obj/mcpwm.o
                0x08013bd0                mcpwm_get_tot_current_directional
 *fill*         0x08013bf4        0xc 
 .text.mcpwm_get_tot_current_directional_filtered
                0x08013c00       0x24 build/obj/mcpwm.o
                0x08013c00                mcpwm_get_tot_current_directional_filtered
 *fill*         0x08013c24        0xc 
 .text.mcpwm_get_tot_current_in_filtered
                0x08013c30       0x20 build/obj/mcpwm.o
                0x08013c30                mcpwm_get_tot_current_in_filtered
 .text.mcpwm_get_tachometer_value
                0x08013c50       0x14 build/obj/mcpwm.o
                0x08013c50                mcpwm_get_tachometer_value
 *fill*         0x08013c64        0xc 
 .text.mcpwm_get_tachometer_abs_value
                0x08013c70       0x14 build/obj/mcpwm.o
                0x08013c70                mcpwm_get_tachometer_abs_value
 *fill*         0x08013c84        0xc 
 .text.mcpwm_stop_pwm
                0x08013c90       0x28 build/obj/mcpwm.o
                0x08013c90                mcpwm_stop_pwm
 *fill*         0x08013cb8        0x8 
 .text.mcpwm_adc_inj_int_handler
                0x08013cc0      0x44c build/obj/mcpwm.o
                0x08013cc0                mcpwm_adc_inj_int_handler
 *fill*         0x0801410c        0x4 
 .text.mcpwm_set_detect
                0x08014110       0x60 build/obj/mcpwm.o
                0x08014110                mcpwm_set_detect
 .text.mcpwm_get_detect_pos
                0x08014170      0x110 build/obj/mcpwm.o
                0x08014170                mcpwm_get_detect_pos
 .text.mcpwm_read_reset_avg_cycle_integrator
                0x08014280       0x20 build/obj/mcpwm.o
                0x08014280                mcpwm_read_reset_avg_cycle_integrator
 .text.mcpwm_get_last_adc_isr_duration
                0x080142a0        0xc build/obj/mcpwm.o
                0x080142a0                mcpwm_get_last_adc_isr_duration
 *fill*         0x080142ac        0x4 
 .text.mcpwm_get_last_inj_adc_isr_duration
                0x080142b0        0xc build/obj/mcpwm.o
                0x080142b0                mcpwm_get_last_inj_adc_isr_duration
 *fill*         0x080142bc        0x4 
 .text.mcpwm_get_rpm_dep
                0x080142c0       0x20 build/obj/mcpwm.o
                0x080142c0                mcpwm_get_rpm_dep
 .text.mcpwm_is_dccal_done
                0x080142e0        0xc build/obj/mcpwm.o
                0x080142e0                mcpwm_is_dccal_done
 *fill*         0x080142ec        0x4 
 .text.mcpwm_switch_comm_mode
                0x080142f0        0xc build/obj/mcpwm.o
                0x080142f0                mcpwm_switch_comm_mode
 *fill*         0x080142fc        0x4 
 .text.mcpwm_reset_hall_detect_table
                0x08014300       0x10 build/obj/mcpwm.o
                0x08014300                mcpwm_reset_hall_detect_table
 .text.mcpwm_get_hall_detect_result
                0x08014310       0xac build/obj/mcpwm.o
                0x08014310                mcpwm_get_hall_detect_result
 *fill*         0x080143bc        0x4 
 .text.mcpwm_read_hall_phase
                0x080143c0       0x4c build/obj/mcpwm.o
                0x080143c0                mcpwm_read_hall_phase
 *fill*         0x0801440c        0x4 
 .text.set_duty_cycle_ll
                0x08014410      0x1a0 build/obj/mcpwm.o
 .text.set_duty_cycle_hl
                0x080145b0      0x10c build/obj/mcpwm.o
 *fill*         0x080146bc        0x4 
 .text.mcpwm_set_duty
                0x080146c0       0x10 build/obj/mcpwm.o
                0x080146c0                mcpwm_set_duty
 .text.rpm_thread
                0x080146d0      0x3c8 build/obj/mcpwm.o
 *fill*         0x08014a98        0x8 
 .text.mcpwm_set_pid_pos
                0x08014aa0       0x34 build/obj/mcpwm.o
                0x08014aa0                mcpwm_set_pid_pos
 *fill*         0x08014ad4        0xc 
 .text.mcpwm_set_current
                0x08014ae0       0x9c build/obj/mcpwm.o
                0x08014ae0                mcpwm_set_current
 *fill*         0x08014b7c        0x4 
 .text.mcpwm_adc_int_handler
                0x08014b80      0xc10 build/obj/mcpwm.o
                0x08014b80                mcpwm_adc_int_handler
 .text.icuperiodcb
                0x08015790        0x4 build/obj/servo_dec.o
 *fill*         0x08015794        0xc 
 .text.icuwidthcb
                0x080157a0      0x140 build/obj/servo_dec.o
 .text.servodec_init
                0x080158e0       0x58 build/obj/servo_dec.o
                0x080158e0                servodec_init
 *fill*         0x08015938        0x8 
 .text.servodec_stop
                0x08015940       0x54 build/obj/servo_dec.o
                0x08015940                servodec_stop
 *fill*         0x08015994        0xc 
 .text.servodec_set_pulse_options
                0x080159a0       0x20 build/obj/servo_dec.o
                0x080159a0                servodec_set_pulse_options
 .text.servodec_get_servo
                0x080159c0       0x1c build/obj/servo_dec.o
                0x080159c0                servodec_get_servo
 *fill*         0x080159dc        0x4 
 .text.servodec_get_time_since_update
                0x080159e0       0x20 build/obj/servo_dec.o
                0x080159e0                servodec_get_time_since_update
 .text.servodec_get_last_pulse_len
                0x08015a00       0x1c build/obj/servo_dec.o
                0x08015a00                servodec_get_last_pulse_len
 *fill*         0x08015a1c        0x4 
 .text.utils_step_towards
                0x08015a20       0x38 build/obj/utils.o
                0x08015a20                utils_step_towards
 *fill*         0x08015a58        0x8 
 .text.utils_norm_angle
                0x08015a60       0x34 build/obj/utils.o
                0x08015a60                utils_norm_angle
 *fill*         0x08015a94        0xc 
 .text.utils_norm_angle_rad
                0x08015aa0       0x5c build/obj/utils.o
                0x08015aa0                utils_norm_angle_rad
 *fill*         0x08015afc        0x4 
 .text.utils_truncate_number
                0x08015b00       0x2c build/obj/utils.o
                0x08015b00                utils_truncate_number
 *fill*         0x08015b2c        0x4 
 .text.utils_truncate_number_int
                0x08015b30       0x18 build/obj/utils.o
                0x08015b30                utils_truncate_number_int
 *fill*         0x08015b48        0x8 
 .text.utils_truncate_number_abs
                0x08015b50       0x28 build/obj/utils.o
                0x08015b50                utils_truncate_number_abs
 *fill*         0x08015b78        0x8 
 .text.utils_map
                0x08015b80       0x1c build/obj/utils.o
                0x08015b80                utils_map
 *fill*         0x08015b9c        0x4 
 .text.utils_deadband
                0x08015ba0       0x48 build/obj/utils.o
                0x08015ba0                utils_deadband
 *fill*         0x08015be8        0x8 
 .text.utils_angle_difference
                0x08015bf0       0x54 build/obj/utils.o
                0x08015bf0                utils_angle_difference
 *fill*         0x08015c44        0xc 
 .text.utils_angle_difference_rad
                0x08015c50       0x54 build/obj/utils.o
                0x08015c50                utils_angle_difference_rad
 *fill*         0x08015ca4        0xc 
 .text.utils_middle_of_3
                0x08015cb0       0x6c build/obj/utils.o
                0x08015cb0                utils_middle_of_3
 *fill*         0x08015d1c        0x4 
 .text.utils_middle_of_3_int
                0x08015d20       0x34 build/obj/utils.o
                0x08015d20                utils_middle_of_3_int
 *fill*         0x08015d54        0xc 
 .text.utils_fast_atan2
                0x08015d60       0x7c build/obj/utils.o
                0x08015d60                utils_fast_atan2
 *fill*         0x08015ddc        0x4 
 .text.utils_saturate_vector_2d
                0x08015de0       0x90 build/obj/utils.o
                0x08015de0                utils_saturate_vector_2d
 .text.utils_fast_sincos_better
                0x08015e70      0x10c build/obj/utils.o
                0x08015e70                utils_fast_sincos_better
 *fill*         0x08015f7c        0x4 
 .text.utils_min_abs
                0x08015f80       0x18 build/obj/utils.o
                0x08015f80                utils_min_abs
 *fill*         0x08015f98        0x8 
 .text.utils_max_abs
                0x08015fa0       0x18 build/obj/utils.o
                0x08015fa0                utils_max_abs
 *fill*         0x08015fb8        0x8 
 .text.utils_throttle_curve
                0x08015fc0      0x154 build/obj/utils.o
                0x08015fc0                utils_throttle_curve
 *fill*         0x08016114        0xc 
 .text.utils_sys_lock_cnt
                0x08016120       0x18 build/obj/utils.o
                0x08016120                utils_sys_lock_cnt
 *fill*         0x08016138        0x8 
 .text.utils_sys_unlock_cnt
                0x08016140       0x1c build/obj/utils.o
                0x08016140                utils_sys_unlock_cnt
 *fill*         0x0801615c        0x4 
 .text.packet_init
                0x08016160       0x14 build/obj/packet.o
                0x08016160                packet_init
 *fill*         0x08016174        0xc 
 .text.packet_send_packet
                0x08016180       0x88 build/obj/packet.o
                0x08016180                packet_send_packet
 *fill*         0x08016208        0x8 
 .text.packet_timerfunc
                0x08016210       0x40 build/obj/packet.o
                0x08016210                packet_timerfunc
 .text.packet_process_byte
                0x08016250      0x13c build/obj/packet.o
                0x08016250                packet_process_byte
 *fill*         0x0801638c        0x4 
 .text.terminal_process_string
                0x08016390     0x1110 build/obj/terminal.o
                0x08016390                terminal_process_string
 .text.terminal_add_fault_data
                0x080174a0       0x44 build/obj/terminal.o
                0x080174a0                terminal_add_fault_data
 *fill*         0x080174e4        0xc 
 .text.terminal_register_command_callback
                0x080174f0       0x8c build/obj/terminal.o
                0x080174f0                terminal_register_command_callback
 *fill*         0x0801757c        0x4 
 .text.conf_general_init
                0x08017580       0x54 build/obj/conf_general.o
                0x08017580                conf_general_init
 *fill*         0x080175d4        0xc 
 .text.conf_general_get_default_app_configuration
                0x080175e0      0x144 build/obj/conf_general.o
                0x080175e0                conf_general_get_default_app_configuration
 *fill*         0x08017724        0xc 
 .text.conf_general_get_default_mc_configuration
                0x08017730      0x2e8 build/obj/conf_general.o
                0x08017730                conf_general_get_default_mc_configuration
 *fill*         0x08017a18        0x8 
 .text.conf_general_read_app_configuration
                0x08017a20       0x44 build/obj/conf_general.o
                0x08017a20                conf_general_read_app_configuration
 *fill*         0x08017a64        0xc 
 .text.conf_general_store_app_configuration
                0x08017a70       0x74 build/obj/conf_general.o
                0x08017a70                conf_general_store_app_configuration
 *fill*         0x08017ae4        0xc 
 .text.conf_general_read_mc_configuration
                0x08017af0       0x40 build/obj/conf_general.o
                0x08017af0                conf_general_read_mc_configuration
 .text.conf_general_store_mc_configuration
                0x08017b30       0x74 build/obj/conf_general.o
                0x08017b30                conf_general_store_mc_configuration
 *fill*         0x08017ba4        0xc 
 .text.conf_general_detect_motor_param
                0x08017bb0      0x340 build/obj/conf_general.o
                0x08017bb0                conf_general_detect_motor_param
 .text.conf_general_measure_flux_linkage
                0x08017ef0      0x2e4 build/obj/conf_general.o
                0x08017ef0                conf_general_measure_flux_linkage
 *fill*         0x080181d4        0xc 
 .text.EE_VerifyPageFullWriteVariable
                0x080181e0       0x7c build/obj/eeprom.o
 *fill*         0x0801825c        0x4 
 .text.EE_EraseSectorIfNotEmpty.constprop.1
                0x08018260       0x30 build/obj/eeprom.o
 .text.EE_Format
                0x08018290       0x2c build/obj/eeprom.o
 *fill*         0x080182bc        0x4 
 .text.EE_ReadVariable
                0x080182c0       0x70 build/obj/eeprom.o
                0x080182c0                EE_ReadVariable
 .text.EE_Init  0x08018330      0x154 build/obj/eeprom.o
                0x08018330                EE_Init
 *fill*         0x08018484        0xc 
 .text.EE_WriteVariable
                0x08018490       0xb0 build/obj/eeprom.o
                0x08018490                EE_WriteVariable
 .text.detect_thread
                0x08018540      0x114 build/obj/commands.o
 *fill*         0x08018654        0xc 
 .text.commands_init
                0x08018660       0x24 build/obj/commands.o
                0x08018660                commands_init
 *fill*         0x08018684        0xc 
 .text.commands_set_send_func
                0x08018690        0xc build/obj/commands.o
                0x08018690                commands_set_send_func
 *fill*         0x0801869c        0x4 
 .text.commands_send_packet
                0x080186a0       0x10 build/obj/commands.o
                0x080186a0                commands_send_packet
 .text.commands_printf
                0x080186b0       0x44 build/obj/commands.o
                0x080186b0                commands_printf
 *fill*         0x080186f4        0xc 
 .text.commands_send_rotor_pos
                0x08018700       0x40 build/obj/commands.o
                0x08018700                commands_send_rotor_pos
 .text.commands_get_disp_pos_mode
                0x08018740        0xc build/obj/commands.o
                0x08018740                commands_get_disp_pos_mode
 *fill*         0x0801874c        0x4 
 .text.commands_send_appconf
                0x08018750      0x2c4 build/obj/commands.o
                0x08018750                commands_send_appconf
 *fill*         0x08018a14        0xc 
 .text.commands_process_packet
                0x08018a20     0x16c4 build/obj/commands.o
                0x08018a20                commands_process_packet
 *fill*         0x0801a0e4        0xc 
 .text.timeout_thread
                0x0801a0f0       0x7c build/obj/timeout.o
 *fill*         0x0801a16c        0x4 
 .text.timeout_init
                0x0801a170       0x48 build/obj/timeout.o
                0x0801a170                timeout_init
 *fill*         0x0801a1b8        0x8 
 .text.timeout_configure
                0x0801a1c0       0x14 build/obj/timeout.o
                0x0801a1c0                timeout_configure
 *fill*         0x0801a1d4        0xc 
 .text.timeout_reset
                0x0801a1e0       0x20 build/obj/timeout.o
                0x0801a1e0                timeout_reset
 .text.timeout_has_timeout
                0x0801a200        0xc build/obj/timeout.o
                0x0801a200                timeout_has_timeout
 *fill*         0x0801a20c        0x4 
 .text.timeout_get_timeout_msec
                0x0801a210        0xc build/obj/timeout.o
                0x0801a210                timeout_get_timeout_msec
 *fill*         0x0801a21c        0x4 
 .text.timeout_get_brake_current
                0x0801a220        0xc build/obj/timeout.o
                0x0801a220                timeout_get_brake_current
 *fill*         0x0801a22c        0x4 
 .text.cancom_process_thread
                0x0801a230      0x37c build/obj/comm_can.o
 *fill*         0x0801a5ac        0x4 
 .text.cancom_read_thread
                0x0801a5b0       0xcc build/obj/comm_can.o
 *fill*         0x0801a67c        0x4 
 .text.comm_can_init
                0x0801a680       0xb0 build/obj/comm_can.o
                0x0801a680                comm_can_init
 .text.comm_can_transmit_eid
                0x0801a730       0x50 build/obj/comm_can.o
                0x0801a730                comm_can_transmit_eid
 .text.cancom_status_thread
                0x0801a780       0xb0 build/obj/comm_can.o
 .text.comm_can_send_buffer
                0x0801a830      0x15c build/obj/comm_can.o
                0x0801a830                comm_can_send_buffer
 *fill*         0x0801a98c        0x4 
 .text.send_packet_wrapper
                0x0801a990       0x18 build/obj/comm_can.o
 *fill*         0x0801a9a8        0x8 
 .text.comm_can_set_duty
                0x0801a9b0       0x38 build/obj/comm_can.o
                0x0801a9b0                comm_can_set_duty
 *fill*         0x0801a9e8        0x8 
 .text.comm_can_set_current
                0x0801a9f0       0x3c build/obj/comm_can.o
                0x0801a9f0                comm_can_set_current
 *fill*         0x0801aa2c        0x4 
 .text.comm_can_set_current_brake
                0x0801aa30       0x3c build/obj/comm_can.o
                0x0801aa30                comm_can_set_current_brake
 *fill*         0x0801aa6c        0x4 
 .text.comm_can_get_status_msg_index
                0x0801aa70       0x18 build/obj/comm_can.o
                0x0801aa70                comm_can_get_status_msg_index
 *fill*         0x0801aa88        0x8 
 .text.led_external_set_state
                0x0801aa90        0xc build/obj/led_external.o
                0x0801aa90                led_external_set_state
 *fill*         0x0801aa9c        0x4 
 .text.led_external_set_reversed
                0x0801aaa0        0xc build/obj/led_external.o
                0x0801aaa0                led_external_set_reversed
 *fill*         0x0801aaac        0x4 
 .text.encoder_deinit
                0x0801aab0       0x74 build/obj/encoder.o
                0x0801aab0                encoder_deinit
 *fill*         0x0801ab24        0xc 
 .text.encoder_init_abi
                0x0801ab30       0xb4 build/obj/encoder.o
                0x0801ab30                encoder_init_abi
 *fill*         0x0801abe4        0xc 
 .text.encoder_init_as5047p_spi
                0x0801abf0       0x90 build/obj/encoder.o
                0x0801abf0                encoder_init_as5047p_spi
 .text.encoder_is_configured
                0x0801ac80       0x10 build/obj/encoder.o
                0x0801ac80                encoder_is_configured
 .text.encoder_read_deg
                0x0801ac90       0x64 build/obj/encoder.o
                0x0801ac90                encoder_read_deg
 *fill*         0x0801acf4        0xc 
 .text.encoder_reset
                0x0801ad00       0x80 build/obj/encoder.o
                0x0801ad00                encoder_reset
 .text.encoder_tim_isr
                0x0801ad80       0xa0 build/obj/encoder.o
                0x0801ad80                encoder_tim_isr
 .text.encoder_set_counts
                0x0801ae20       0x2c build/obj/encoder.o
                0x0801ae20                encoder_set_counts
 *fill*         0x0801ae4c        0x4 
 .text.encoder_index_found
                0x0801ae50        0xc build/obj/encoder.o
                0x0801ae50                encoder_index_found
 *fill*         0x0801ae5c        0x4 
 .text.flash_helper_erase_new_app
                0x0801ae60       0x88 build/obj/flash_helper.o
                0x0801ae60                flash_helper_erase_new_app
 *fill*         0x0801aee8        0x8 
 .text.flash_helper_write_new_app_data
                0x0801aef0       0x60 build/obj/flash_helper.o
                0x0801aef0                flash_helper_write_new_app_data
 .text.flash_helper_jump_to_bootloader
                0x0801af50       0x90 build/obj/flash_helper.o
                0x0801af50                flash_helper_jump_to_bootloader
 .text.flash_helper_get_sector_address
                0x0801afe0       0x2c build/obj/flash_helper.o
                0x0801afe0                flash_helper_get_sector_address
 *fill*         0x0801b00c        0x4 
 .text.sample_send_thread
                0x0801b010      0x244 build/obj/mc_interface.o
 *fill*         0x0801b254        0xc 
 .text.mc_interface_init
                0x0801b260      0x178 build/obj/mc_interface.o
                0x0801b260                mc_interface_init
 *fill*         0x0801b3d8        0x8 
 .text.mc_interface_get_configuration
                0x0801b3e0        0x8 build/obj/mc_interface.o
                0x0801b3e0                mc_interface_get_configuration
 *fill*         0x0801b3e8        0x8 
 .text.mc_interface_dccal_done
                0x0801b3f0       0x20 build/obj/mc_interface.o
                0x0801b3f0                mc_interface_dccal_done
 .text.mc_interface_lock
                0x0801b410        0xc build/obj/mc_interface.o
                0x0801b410                mc_interface_lock
 *fill*         0x0801b41c        0x4 
 .text.mc_interface_unlock
                0x0801b420        0xc build/obj/mc_interface.o
                0x0801b420                mc_interface_unlock
 *fill*         0x0801b42c        0x4 
 .text.mc_interface_lock_override_once
                0x0801b430        0xc build/obj/mc_interface.o
                0x0801b430                mc_interface_lock_override_once
 *fill*         0x0801b43c        0x4 
 .text.mc_interface_get_fault
                0x0801b440        0xc build/obj/mc_interface.o
                0x0801b440                mc_interface_get_fault
 *fill*         0x0801b44c        0x4 
 .text.mc_interface_fault_to_string
                0x0801b450       0x18 build/obj/mc_interface.o
                0x0801b450                mc_interface_fault_to_string
 *fill*         0x0801b468        0x8 
 .text.mc_interface_get_state
                0x0801b470       0x20 build/obj/mc_interface.o
                0x0801b470                mc_interface_get_state
 .text.mc_interface_get_duty_cycle_now
                0x0801b490       0x44 build/obj/mc_interface.o
                0x0801b490                mc_interface_get_duty_cycle_now
 *fill*         0x0801b4d4        0xc 
 .text.mc_interface_get_sampling_frequency_now
                0x0801b4e0       0x24 build/obj/mc_interface.o
                0x0801b4e0                mc_interface_get_sampling_frequency_now
 *fill*         0x0801b504        0xc 
 .text.mc_interface_get_rpm
                0x0801b510       0x44 build/obj/mc_interface.o
                0x0801b510                mc_interface_get_rpm
 *fill*         0x0801b554        0xc 
 .text.mc_interface_get_amp_hours
                0x0801b560       0x20 build/obj/mc_interface.o
                0x0801b560                mc_interface_get_amp_hours
 .text.mc_interface_get_amp_hours_charged
                0x0801b580       0x20 build/obj/mc_interface.o
                0x0801b580                mc_interface_get_amp_hours_charged
 .text.mc_interface_get_watt_hours
                0x0801b5a0       0x20 build/obj/mc_interface.o
                0x0801b5a0                mc_interface_get_watt_hours
 .text.mc_interface_get_watt_hours_charged
                0x0801b5c0       0x20 build/obj/mc_interface.o
                0x0801b5c0                mc_interface_get_watt_hours_charged
 .text.mc_interface_get_tot_current
                0x0801b5e0       0x24 build/obj/mc_interface.o
                0x0801b5e0                mc_interface_get_tot_current
 *fill*         0x0801b604        0xc 
 .text.mc_interface_get_tot_current_filtered
                0x0801b610       0x24 build/obj/mc_interface.o
                0x0801b610                mc_interface_get_tot_current_filtered
 *fill*         0x0801b634        0xc 
 .text.mc_interface_get_tot_current_directional
                0x0801b640       0x44 build/obj/mc_interface.o
                0x0801b640                mc_interface_get_tot_current_directional
 *fill*         0x0801b684        0xc 
 .text.mc_interface_get_tot_current_directional_filtered
                0x0801b690       0x44 build/obj/mc_interface.o
                0x0801b690                mc_interface_get_tot_current_directional_filtered
 *fill*         0x0801b6d4        0xc 
 .text.mc_interface_get_tot_current_in_filtered
                0x0801b6e0       0x24 build/obj/mc_interface.o
                0x0801b6e0                mc_interface_get_tot_current_in_filtered
 *fill*         0x0801b704        0xc 
 .text.mc_interface_get_tachometer_value
                0x0801b710       0x5c build/obj/mc_interface.o
                0x0801b710                mc_interface_get_tachometer_value
 *fill*         0x0801b76c        0x4 
 .text.mc_interface_fault_stop.part.3
                0x0801b770      0x144 build/obj/mc_interface.o
 *fill*         0x0801b8b4        0xc 
 .text.update_override_limits.constprop.4
                0x0801b8c0      0x4b4 build/obj/mc_interface.o
 *fill*         0x0801bd74        0xc 
 .text.mc_interface_set_configuration
                0x0801bd80       0xd0 build/obj/mc_interface.o
                0x0801bd80                mc_interface_set_configuration
 .text.timer_thread
                0x0801be50       0x48 build/obj/mc_interface.o
 *fill*         0x0801be98        0x8 
 .text.mc_interface_get_tachometer_abs_value
                0x0801bea0       0x20 build/obj/mc_interface.o
                0x0801bea0                mc_interface_get_tachometer_abs_value
 .text.mc_interface_get_last_inj_adc_isr_duration
                0x0801bec0       0x24 build/obj/mc_interface.o
                0x0801bec0                mc_interface_get_last_inj_adc_isr_duration
 *fill*         0x0801bee4        0xc 
 .text.mc_interface_read_reset_avg_motor_current
                0x0801bef0       0x20 build/obj/mc_interface.o
                0x0801bef0                mc_interface_read_reset_avg_motor_current
 .text.mc_interface_read_reset_avg_input_current
                0x0801bf10       0x20 build/obj/mc_interface.o
                0x0801bf10                mc_interface_read_reset_avg_input_current
 .text.mc_interface_read_reset_avg_id
                0x0801bf30       0x40 build/obj/mc_interface.o
                0x0801bf30                mc_interface_read_reset_avg_id
 .text.mc_interface_read_reset_avg_iq
                0x0801bf70       0x40 build/obj/mc_interface.o
                0x0801bf70                mc_interface_read_reset_avg_iq
 .text.mc_interface_get_pid_pos_set
                0x0801bfb0        0xc build/obj/mc_interface.o
                0x0801bfb0                mc_interface_get_pid_pos_set
 *fill*         0x0801bfbc        0x4 
 .text.mc_interface_get_pid_pos_now
                0x0801bfc0       0x44 build/obj/mc_interface.o
                0x0801bfc0                mc_interface_get_pid_pos_now
 *fill*         0x0801c004        0xc 
 .text.mc_interface_get_last_sample_adc_isr_duration
                0x0801c010        0xc build/obj/mc_interface.o
                0x0801c010                mc_interface_get_last_sample_adc_isr_duration
 *fill*         0x0801c01c        0x4 
 .text.mc_interface_sample_print_data
                0x0801c020       0x50 build/obj/mc_interface.o
                0x0801c020                mc_interface_sample_print_data
 .text.mc_interface_temp_fet_filtered
                0x0801c070        0xc build/obj/mc_interface.o
                0x0801c070                mc_interface_temp_fet_filtered
 *fill*         0x0801c07c        0x4 
 .text.mc_interface_temp_motor_filtered
                0x0801c080        0xc build/obj/mc_interface.o
                0x0801c080                mc_interface_temp_motor_filtered
 *fill*         0x0801c08c        0x4 
 .text.mc_interface_try_input
                0x0801c090       0x74 build/obj/mc_interface.o
                0x0801c090                mc_interface_try_input
 *fill*         0x0801c104        0xc 
 .text.mc_interface_set_duty
                0x0801c110       0x70 build/obj/mc_interface.o
                0x0801c110                mc_interface_set_duty
 .text.mc_interface_set_pid_speed
                0x0801c180       0x70 build/obj/mc_interface.o
                0x0801c180                mc_interface_set_pid_speed
 .text.mc_interface_set_pid_pos
                0x0801c1f0       0x84 build/obj/mc_interface.o
                0x0801c1f0                mc_interface_set_pid_pos
 *fill*         0x0801c274        0xc 
 .text.mc_interface_set_current
                0x0801c280       0x70 build/obj/mc_interface.o
                0x0801c280                mc_interface_set_current
 .text.mc_interface_set_current_rel
                0x0801c2f0       0x2c build/obj/mc_interface.o
                0x0801c2f0                mc_interface_set_current_rel
 *fill*         0x0801c31c        0x4 
 .text.mc_interface_release_motor
                0x0801c320        0xc build/obj/mc_interface.o
                0x0801c320                mc_interface_release_motor
 *fill*         0x0801c32c        0x4 
 .text.mc_interface_set_brake_current
                0x0801c330       0x70 build/obj/mc_interface.o
                0x0801c330                mc_interface_set_brake_current
 .text.mc_interface_set_brake_current_rel
                0x0801c3a0       0x14 build/obj/mc_interface.o
                0x0801c3a0                mc_interface_set_brake_current_rel
 *fill*         0x0801c3b4        0xc 
 .text.mc_interface_set_handbrake
                0x0801c3c0       0x48 build/obj/mc_interface.o
                0x0801c3c0                mc_interface_set_handbrake
 *fill*         0x0801c408        0x8 
 .text.mc_interface_mc_timer_isr
                0x0801c410      0x73c build/obj/mc_interface.o
                0x0801c410                mc_interface_mc_timer_isr
 *fill*         0x0801cb4c        0x4 
 .text.mc_interface_adc_inj_int_handler
                0x0801cb50       0x14 build/obj/mc_interface.o
                0x0801cb50                mc_interface_adc_inj_int_handler
 *fill*         0x0801cb64        0xc 
 .text.correct_encoder
                0x0801cb70       0x64 build/obj/mcpwm_foc.o
 *fill*         0x0801cbd4        0xc 
 .text.start_pwm_hw
                0x0801cbe0       0x70 build/obj/mcpwm_foc.o
 .text.stop_pwm_hw
                0x0801cc50       0x78 build/obj/mcpwm_foc.o
 *fill*         0x0801ccc8        0x8 
 .text.read_hall
                0x0801ccd0       0x68 build/obj/mcpwm_foc.o
 *fill*         0x0801cd38        0x8 
 .text.correct_hall
                0x0801cd40      0x1f0 build/obj/mcpwm_foc.o
 .text.timer_thread
                0x0801cf30      0x488 build/obj/mcpwm_foc.o
 *fill*         0x0801d3b8        0x8 
 .text.mcpwm_foc_init
                0x0801d3c0      0x58c build/obj/mcpwm_foc.o
                0x0801d3c0                mcpwm_foc_init
 *fill*         0x0801d94c        0x4 
 .text.mcpwm_foc_deinit
                0x0801d950       0x6c build/obj/mcpwm_foc.o
                0x0801d950                mcpwm_foc_deinit
 *fill*         0x0801d9bc        0x4 
 .text.mcpwm_foc_init_done
                0x0801d9c0        0xc build/obj/mcpwm_foc.o
                0x0801d9c0                mcpwm_foc_init_done
 *fill*         0x0801d9cc        0x4 
 .text.mcpwm_foc_set_configuration
                0x0801d9d0       0x6c build/obj/mcpwm_foc.o
                0x0801d9d0                mcpwm_foc_set_configuration
 *fill*         0x0801da3c        0x4 
 .text.mcpwm_foc_get_state
                0x0801da40        0xc build/obj/mcpwm_foc.o
                0x0801da40                mcpwm_foc_get_state
 *fill*         0x0801da4c        0x4 
 .text.mcpwm_foc_is_dccal_done
                0x0801da50        0xc build/obj/mcpwm_foc.o
                0x0801da50                mcpwm_foc_is_dccal_done
 *fill*         0x0801da5c        0x4 
 .text.mcpwm_foc_set_duty
                0x0801da60       0x28 build/obj/mcpwm_foc.o
                0x0801da60                mcpwm_foc_set_duty
 *fill*         0x0801da88        0x8 
 .text.mcpwm_foc_set_pid_speed
                0x0801da90       0x28 build/obj/mcpwm_foc.o
                0x0801da90                mcpwm_foc_set_pid_speed
 *fill*         0x0801dab8        0x8 
 .text.mcpwm_foc_set_pid_pos
                0x0801dac0       0x28 build/obj/mcpwm_foc.o
                0x0801dac0                mcpwm_foc_set_pid_pos
 *fill*         0x0801dae8        0x8 
 .text.mcpwm_foc_set_current
                0x0801daf0       0x70 build/obj/mcpwm_foc.o
                0x0801daf0                mcpwm_foc_set_current
 .text.mcpwm_foc_stop_pwm
                0x0801db60        0xc build/obj/mcpwm_foc.o
                0x0801db60                mcpwm_foc_stop_pwm
 *fill*         0x0801db6c        0x4 
 .text.mcpwm_foc_set_brake_current
                0x0801db70       0x70 build/obj/mcpwm_foc.o
                0x0801db70                mcpwm_foc_set_brake_current
 .text.mcpwm_foc_set_handbrake
                0x0801dbe0       0x70 build/obj/mcpwm_foc.o
                0x0801dbe0                mcpwm_foc_set_handbrake
 .text.mcpwm_foc_set_openloop
                0x0801dc50       0x98 build/obj/mcpwm_foc.o
                0x0801dc50                mcpwm_foc_set_openloop
 *fill*         0x0801dce8        0x8 
 .text.mcpwm_foc_get_duty_cycle_now
                0x0801dcf0        0xc build/obj/mcpwm_foc.o
                0x0801dcf0                mcpwm_foc_get_duty_cycle_now
 *fill*         0x0801dcfc        0x4 
 .text.mcpwm_foc_get_pid_pos_now